Archive member included to satisfy reference by file (symbol)

c:/nxp/mcuxpressoide_11.2.0_4120/ide/plugins/com.nxp.mcuxpresso.tools.win32_11.2.0.202001021529/tools/bin/../lib/gcc/arm-none-eabi/9.2.1/../../../../arm-none-eabi/lib/thumb/v7e-m+fp/hard\libcr_semihost_nf.a(_cr__main.o)
                              ./startup/startup_mk64f12.o (__main)
c:/nxp/mcuxpressoide_11.2.0_4120/ide/plugins/com.nxp.mcuxpresso.tools.win32_11.2.0.202001021529/tools/bin/../lib/gcc/arm-none-eabi/9.2.1/../../../../arm-none-eabi/lib/thumb/v7e-m+fp/hard\libcr_c.a(memcpy.o)
                              ./utilities/fsl_str.o (memcpy)
c:/nxp/mcuxpressoide_11.2.0_4120/ide/plugins/com.nxp.mcuxpresso.tools.win32_11.2.0.202001021529/tools/bin/../lib/gcc/arm-none-eabi/9.2.1/../../../../arm-none-eabi/lib/thumb/v7e-m+fp/hard\libcr_c.a(memmove.o)
                              ./source/hydrogen.o (memmove)
c:/nxp/mcuxpressoide_11.2.0_4120/ide/plugins/com.nxp.mcuxpresso.tools.win32_11.2.0.202001021529/tools/bin/../lib/gcc/arm-none-eabi/9.2.1/../../../../arm-none-eabi/lib/thumb/v7e-m+fp/hard\libcr_c.a(memset.o)
                              ./source/freertos_hello.o (memset)
c:/nxp/mcuxpressoide_11.2.0_4120/ide/plugins/com.nxp.mcuxpresso.tools.win32_11.2.0.202001021529/tools/bin/../lib/gcc/arm-none-eabi/9.2.1/../../../../arm-none-eabi/lib/thumb/v7e-m+fp/hard\libcr_c.a(alloc.o)
                              ./drivers/fsl_common.o (malloc)
c:/nxp/mcuxpressoide_11.2.0_4120/ide/plugins/com.nxp.mcuxpresso.tools.win32_11.2.0.202001021529/tools/bin/../lib/gcc/arm-none-eabi/9.2.1/../../../../arm-none-eabi/lib/thumb/v7e-m+fp/hard\libcr_c.a(errno.o)
                              ./source/hydrogen.o (errno)
c:/nxp/mcuxpressoide_11.2.0_4120/ide/plugins/com.nxp.mcuxpresso.tools.win32_11.2.0.202001021529/tools/bin/../lib/gcc/arm-none-eabi/9.2.1/../../../../arm-none-eabi/lib/thumb/v7e-m+fp/hard\libcr_c.a(initio.o)
                              c:/nxp/mcuxpressoide_11.2.0_4120/ide/plugins/com.nxp.mcuxpresso.tools.win32_11.2.0.202001021529/tools/bin/../lib/gcc/arm-none-eabi/9.2.1/../../../../arm-none-eabi/lib/thumb/v7e-m+fp/hard\libcr_semihost_nf.a(_cr__main.o) (_initio)
c:/nxp/mcuxpressoide_11.2.0_4120/ide/plugins/com.nxp.mcuxpresso.tools.win32_11.2.0.202001021529/tools/bin/../lib/gcc/arm-none-eabi/9.2.1/../../../../arm-none-eabi/lib/thumb/v7e-m+fp/hard\libcr_c.a(printf.o)
                              ./utilities/fsl_assert.o (_printf)
c:/nxp/mcuxpressoide_11.2.0_4120/ide/plugins/com.nxp.mcuxpresso.tools.win32_11.2.0.202001021529/tools/bin/../lib/gcc/arm-none-eabi/9.2.1/../../../../arm-none-eabi/lib/thumb/v7e-m+fp/hard\libcr_c.a(scanf.o)
                              ./utilities/fsl_str.o (strtoul)
c:/nxp/mcuxpressoide_11.2.0_4120/ide/plugins/com.nxp.mcuxpresso.tools.win32_11.2.0.202001021529/tools/bin/../lib/gcc/arm-none-eabi/9.2.1/../../../../arm-none-eabi/lib/thumb/v7e-m+fp/hard\libcr_c.a(setvbuf.o)
                              c:/nxp/mcuxpressoide_11.2.0_4120/ide/plugins/com.nxp.mcuxpresso.tools.win32_11.2.0.202001021529/tools/bin/../lib/gcc/arm-none-eabi/9.2.1/../../../../arm-none-eabi/lib/thumb/v7e-m+fp/hard\libcr_c.a(initio.o) (setvbuf)
c:/nxp/mcuxpressoide_11.2.0_4120/ide/plugins/com.nxp.mcuxpresso.tools.win32_11.2.0.202001021529/tools/bin/../lib/gcc/arm-none-eabi/9.2.1/../../../../arm-none-eabi/lib/thumb/v7e-m+fp/hard\libcr_c.a(stdlib.o)
                              ./source/hydrogen.o (abort)
c:/nxp/mcuxpressoide_11.2.0_4120/ide/plugins/com.nxp.mcuxpresso.tools.win32_11.2.0.202001021529/tools/bin/../lib/gcc/arm-none-eabi/9.2.1/../../../../arm-none-eabi/lib/thumb/v7e-m+fp/hard\libcr_c.a(strchr.o)
                              ./source/hydrogen.o (strchr)
c:/nxp/mcuxpressoide_11.2.0_4120/ide/plugins/com.nxp.mcuxpresso.tools.win32_11.2.0.202001021529/tools/bin/../lib/gcc/arm-none-eabi/9.2.1/../../../../arm-none-eabi/lib/thumb/v7e-m+fp/hard\libcr_c.a(strlen.o)
                              ./utilities/fsl_str.o (strlen)
c:/nxp/mcuxpressoide_11.2.0_4120/ide/plugins/com.nxp.mcuxpresso.tools.win32_11.2.0.202001021529/tools/bin/../lib/gcc/arm-none-eabi/9.2.1/../../../../arm-none-eabi/lib/thumb/v7e-m+fp/hard\libcr_c.a(ungetc.o)
                              c:/nxp/mcuxpressoide_11.2.0_4120/ide/plugins/com.nxp.mcuxpresso.tools.win32_11.2.0.202001021529/tools/bin/../lib/gcc/arm-none-eabi/9.2.1/../../../../arm-none-eabi/lib/thumb/v7e-m+fp/hard\libcr_c.a(scanf.o) (ungetc)
c:/nxp/mcuxpressoide_11.2.0_4120/ide/plugins/com.nxp.mcuxpresso.tools.win32_11.2.0.202001021529/tools/bin/../lib/gcc/arm-none-eabi/9.2.1/../../../../arm-none-eabi/lib/thumb/v7e-m+fp/hard\libcr_c.a(__fillbuf.o)
                              c:/nxp/mcuxpressoide_11.2.0_4120/ide/plugins/com.nxp.mcuxpresso.tools.win32_11.2.0.202001021529/tools/bin/../lib/gcc/arm-none-eabi/9.2.1/../../../../arm-none-eabi/lib/thumb/v7e-m+fp/hard\libcr_c.a(scanf.o) (__filbuf)
[...]
Memory Configuration

Name             Origin             Length             Attributes
PROGRAM_FLASH    0x00000000         0x00100000         xr
SRAM_UPPER       0x20000000         0x00030000         xrw
SRAM_LOWER       0x1fff0000         0x00010000         xrw
FLEX_RAM         0x14000000         0x00001000         xrw
*default*        0x00000000         0xffffffff

Linker script and memory map

LOAD ./utilities/fsl_assert.o
LOAD ./utilities/fsl_debug_console.o
LOAD ./utilities/fsl_str.o
LOAD ./startup/startup_mk64f12.o
LOAD ./source/aes.o
LOAD ./source/aes_layer.o
LOAD ./source/chacha.o
LOAD ./source/freertos_hello.o
LOAD ./source/hydrogen.o
LOAD ./source/semihost_hardfault.o
LOAD ./freertos/freertos_kernel/portable/MemMang/heap_4.o
LOAD ./freertos/freertos_kernel/portable/GCC/ARM_CM4F/port.o
LOAD ./freertos/freertos_kernel/croutine.o
LOAD ./freertos/freertos_kernel/event_groups.o
LOAD ./freertos/freertos_kernel/list.o
LOAD ./freertos/freertos_kernel/queue.o
LOAD ./freertos/freertos_kernel/stream_buffer.o
LOAD ./freertos/freertos_kernel/tasks.o
LOAD ./freertos/freertos_kernel/timers.o
LOAD ./drivers/fsl_clock.o
LOAD ./drivers/fsl_common.o
LOAD ./drivers/fsl_ftfx_cache.o
LOAD ./drivers/fsl_ftfx_controller.o
LOAD ./drivers/fsl_ftfx_flash.o
LOAD ./drivers/fsl_ftfx_flexnvm.o
LOAD ./drivers/fsl_gpio.o
LOAD ./drivers/fsl_smc.o
LOAD ./drivers/fsl_uart.o
LOAD ./device/system_MK64F12.o
LOAD ./component/uart/uart_adapter.o
LOAD ./component/serial_manager/serial_manager.o
LOAD ./component/serial_manager/serial_port_uart.o
LOAD ./component/lists/generic_list.o
LOAD ./board/board.o
LOAD ./board/clock_config.o
LOAD ./board/pin_mux.o
START GROUP
LOAD c:/nxp/mcuxpressoide_11.2.0_4120/ide/plugins/com.nxp.mcuxpresso.tools.win32_11.2.0.202001021529/tools/bin/../lib/gcc/arm-none-eabi/9.2.1/../../../../arm-none-eabi/lib/thumb/v7e-m+fp/hard\libcr_semihost_nf.a
LOAD c:/nxp/mcuxpressoide_11.2.0_4120/ide/plugins/com.nxp.mcuxpresso.tools.win32_11.2.0.202001021529/tools/bin/../lib/gcc/arm-none-eabi/9.2.1/../../../../arm-none-eabi/lib/thumb/v7e-m+fp/hard\libcr_c.a
LOAD c:/nxp/mcuxpressoide_11.2.0_4120/ide/plugins/com.nxp.mcuxpresso.tools.win32_11.2.0.202001021529/tools/bin/../lib/gcc/arm-none-eabi/9.2.1/thumb/v7e-m+fp/hard\libcr_eabihelpers.a
LOAD c:/nxp/mcuxpressoide_11.2.0_4120/ide/plugins/com.nxp.mcuxpresso.tools.win32_11.2.0.202001021529/tools/bin/../lib/gcc/arm-none-eabi/9.2.1/thumb/v7e-m+fp/hard\libgcc.a
END GROUP
                0x00000000                __base_PROGRAM_FLASH = 0x0
                0x00000000                __base_Flash = 0x0
                0x00100000                __top_PROGRAM_FLASH = 0x100000
                0x00100000                __top_Flash = 0x100000
                0x20000000                __base_SRAM_UPPER = 0x20000000
                0x20000000                __base_RAM = 0x20000000
                0x20030000                __top_SRAM_UPPER = 0x20030000
                0x20030000                __top_RAM = 0x20030000
                0x1fff0000                __base_SRAM_LOWER = 0x1fff0000
                0x1fff0000                __base_RAM2 = 0x1fff0000
                0x20000000                __top_SRAM_LOWER = 0x20000000
                0x20000000                __top_RAM2 = 0x20000000
                0x14000000                __base_FLEX_RAM = 0x14000000
                0x14000000                __base_RAM3 = 0x14000000
                0x14001000                __top_FLEX_RAM = 0x14001000
                0x14001000                __top_RAM3 = 0x14001000

.text           0x00000000     0x6b20
 FILL mask 0xff
                0x00000000                __vectors_start__ = ABSOLUTE (.)
 *(SORT_BY_ALIGNMENT(.isr_vector))
 .isr_vector    0x00000000      0x198 ./startup/startup_mk64f12.o
                0x00000000                g_pfnVectors
                0x00000000                __Vectors
                0x00000198                . = ALIGN (0x4)
                0x00000198                __section_table_start = .
                0x00000198                __data_section_table = .
                0x00000198        0x4 LONG 0x6b20 LOADADDR (.data)
                0x0000019c        0x4 LONG 0x20000000 ADDR (.data)
                0x000001a0        0x4 LONG 0x10 SIZEOF (.data)
                0x000001a4        0x4 LONG 0x6b20 LOADADDR (.data_RAM2)
                0x000001a8        0x4 LONG 0x1fff0000 ADDR (.data_RAM2)
                0x000001ac        0x4 LONG 0x0 SIZEOF (.data_RAM2)
                0x000001b0        0x4 LONG 0x6b20 LOADADDR (.data_RAM3)
                0x000001b4        0x4 LONG 0x14000000 ADDR (.data_RAM3)
                0x000001b8        0x4 LONG 0x0 SIZEOF (.data_RAM3)
                0x000001bc                __data_section_table_end = .
                0x000001bc                __bss_section_table = .
                0x000001bc        0x4 LONG 0x20000010 ADDR (.bss)
                0x000001c0        0x4 LONG 0x2a90 SIZEOF (.bss)
                0x000001c4        0x4 LONG 0x1fff0000 ADDR (.bss_RAM2)
                0x000001c8        0x4 LONG 0x0 SIZEOF (.bss_RAM2)
                0x000001cc        0x4 LONG 0x14000000 ADDR (.bss_RAM3)
                0x000001d0        0x4 LONG 0x0 SIZEOF (.bss_RAM3)
                0x000001d4                __bss_section_table_end = .
                0x000001d4                __section_table_end = .
 *(SORT_BY_ALIGNMENT(.after_vectors*))
 .after_vectors.reset
                0x000001d4       0x4c ./startup/startup_mk64f12.o
                0x000001d4                ResetISR
 .after_vectors.init_data
                0x00000220       0x1e ./startup/startup_mk64f12.o
                0x00000220                data_init
 .after_vectors.init_bss
                0x0000023e       0x12 ./startup/startup_mk64f12.o
                0x0000023e                bss_init
 .after_vectors
                0x00000250       0x14 ./startup/startup_mk64f12.o
                0x00000250                NMI_Handler
                0x00000254                MemManage_Handler
                0x00000256                BusFault_Handler
                0x00000258                UsageFault_Handler
                0x0000025c                DebugMon_Handler
                0x00000262                LPTMR0_DriverIRQHandler
                0x00000262                DMA_Error_DriverIRQHandler
                0x00000262                SPI1_DriverIRQHandler
                0x00000262                FTM1_DriverIRQHandler
                0x00000262                FTM2_DriverIRQHandler
                0x00000262                PIT2_DriverIRQHandler
                0x00000262                SDHC_DriverIRQHandler
                0x00000262                I2S0_Tx_DriverIRQHandler
                0x00000262                RTC_Seconds_DriverIRQHandler
                0x00000262                DMA6_DriverIRQHandler
                0x00000262                LLWU_DriverIRQHandler
                0x00000262                MCM_DriverIRQHandler
                0x00000262                MCG_DriverIRQHandler
                0x00000262                ENET_1588_Timer_DriverIRQHandler
                0x00000262                I2C2_DriverIRQHandler
                0x00000262                DAC1_DriverIRQHandler
                0x00000262                DMA12_DriverIRQHandler
                0x00000262                CMP1_DriverIRQHandler
                0x00000262                FTM0_DriverIRQHandler
                0x00000262                IntDefaultHandler
                0x00000262                USB0_DriverIRQHandler
                0x00000262                UART5_ERR_DriverIRQHandler
                0x00000262                PORTC_DriverIRQHandler
                0x00000262                DMA11_DriverIRQHandler
                0x00000262                DAC0_DriverIRQHandler
                0x00000262                DMA10_DriverIRQHandler
                0x00000262                CMP2_DriverIRQHandler
                0x00000262                UART2_ERR_DriverIRQHandler
                0x00000262                SPI2_DriverIRQHandler
                0x00000262                LVD_LVW_DriverIRQHandler
                0x00000262                PIT0_DriverIRQHandler
                0x00000262                PORTB_DriverIRQHandler
                0x00000262                DMA5_DriverIRQHandler
                0x00000262                DMA4_DriverIRQHandler
                0x00000262                USBDCD_DriverIRQHandler
                0x00000262                UART3_ERR_DriverIRQHandler
                0x00000262                DMA3_DriverIRQHandler
                0x00000262                DMA8_DriverIRQHandler
                0x00000262                DMA9_DriverIRQHandler
                0x00000262                UART0_ERR_DriverIRQHandler
                0x00000262                CMT_DriverIRQHandler
                0x00000262                Reserved71_DriverIRQHandler
                0x00000262                ADC1_DriverIRQHandler
                0x00000262                PORTA_DriverIRQHandler
                0x00000262                DMA14_DriverIRQHandler
                0x00000262                PIT3_DriverIRQHandler
                0x00000262                PIT1_DriverIRQHandler
                0x00000262                WDOG_EWM_DriverIRQHandler
                0x00000262                PDB0_DriverIRQHandler
                0x00000262                RTC_DriverIRQHandler
                0x00000262                I2S0_Rx_DriverIRQHandler
                0x00000262                Read_Collision_DriverIRQHandler
                0x00000262                SWI_DriverIRQHandler
                0x00000262                UART4_ERR_DriverIRQHandler
                0x00000262                DMA0_DriverIRQHandler
                0x00000262                UART0_LON_DriverIRQHandler
                0x00000262                DMA1_DriverIRQHandler
                0x00000262                I2C1_DriverIRQHandler
                0x00000262                ENET_Receive_DriverIRQHandler
                0x00000262                DMA13_DriverIRQHandler
                0x00000262                ENET_Error_DriverIRQHandler
                0x00000262                DMA15_DriverIRQHandler
                0x00000262                SPI0_DriverIRQHandler
                0x00000262                ADC0_DriverIRQHandler
                0x00000262                CMP0_DriverIRQHandler
                0x00000262                CAN0_DriverIRQHandler
                0x00000262                FTM3_DriverIRQHandler
                0x00000262                RNG_DriverIRQHandler
                0x00000262                UART1_ERR_DriverIRQHandler
                0x00000262                DMA2_DriverIRQHandler
                0x00000262                ENET_Transmit_DriverIRQHandler
                0x00000262                PORTD_DriverIRQHandler
                0x00000262                PORTE_DriverIRQHandler
                0x00000262                FTFE_DriverIRQHandler
                0x00000262                I2C0_DriverIRQHandler
                0x00000262                DMA7_DriverIRQHandler
                0x00000400                . = 0x400
 *fill*         0x00000264      0x19c ff
                0x00000400                PROVIDE (__FLASH_CONFIG_START__ = .)
 *(SORT_BY_ALIGNMENT(.FlashConfig))
 .FlashConfig   0x00000400       0x10 ./startup/startup_mk64f12.o
                0x00000400                Flash_Config
                0x00000410                PROVIDE (__FLASH_CONFIG_END__ = .)
                0x00000001                ASSERT (! ((__FLASH_CONFIG_START__ == __FLASH_CONFIG_END__)), Linker Flash Config Support Enabled, but no .FlashConfig section provided within application)
 *(SORT_BY_ALIGNMENT(.text*))
 .text.SVC_Handler
                0x00000410       0x28 ./freertos/freertos_kernel/portable/GCC/ARM_CM4F/port.o
                0x00000410                SVC_Handler
 *fill*         0x00000438        0x8 ff
 .text.PendSV_Handler
                0x00000440       0x68 ./freertos/freertos_kernel/portable/GCC/ARM_CM4F/port.o
                0x00000440                PendSV_Handler
 .text.__assertion_failed
                0x000004a8       0x18 ./utilities/fsl_assert.o
                0x000004a8                __assertion_failed
 .text.KeyExpansion
                0x000004c0      0x1a0 ./source/aes.o
 .text.SubBytes
                0x00000660       0x64 ./source/aes.o
 .text.InvSubBytes
                0x000006c4       0x64 ./source/aes.o
 .text.chacha20_init_state
                0x00000728       0xb0 ./source/chacha.o
 .text.main     0x000007d8       0x48 ./source/freertos_hello.o
                0x000007d8                main
 .text.hello_task
                0x00000820      0x318 ./source/freertos_hello.o
 .text.pvPortMalloc
                0x00000b38      0x198 ./freertos/freertos_kernel/portable/MemMang/heap_4.o
                0x00000b38                pvPortMalloc
 .text.vPortFree
                0x00000cd0       0xc4 ./freertos/freertos_kernel/portable/MemMang/heap_4.o
                0x00000cd0                vPortFree
 .text.prvHeapInit
                0x00000d94       0xc4 ./freertos/freertos_kernel/portable/MemMang/heap_4.o
 .text.prvInsertBlockIntoFreeList
                0x00000e58       0xb4 ./freertos/freertos_kernel/portable/MemMang/heap_4.o
 .text.pxPortInitialiseStack
                0x00000f0c       0x68 ./freertos/freertos_kernel/portable/GCC/ARM_CM4F/port.o
                0x00000f0c                pxPortInitialiseStack
 .text.prvTaskExitError
                0x00000f74       0x58 ./freertos/freertos_kernel/portable/GCC/ARM_CM4F/port.o
 .text.prvPortStartFirstTask
                0x00000fcc       0x28 ./freertos/freertos_kernel/portable/GCC/ARM_CM4F/port.o
 .text.xPortStartScheduler
                0x00000ff4      0x144 ./freertos/freertos_kernel/portable/GCC/ARM_CM4F/port.o
                0x00000ff4                xPortStartScheduler
 .text.vPortEnterCritical
                0x00001138       0x60 ./freertos/freertos_kernel/portable/GCC/ARM_CM4F/port.o
                0x00001138                vPortEnterCritical
 .text.vPortExitCritical
                0x00001198       0x54 ./freertos/freertos_kernel/portable/GCC/ARM_CM4F/port.o
                0x00001198                vPortExitCritical
 .text.SysTick_Handler
                0x000011ec       0x44 ./freertos/freertos_kernel/portable/GCC/ARM_CM4F/port.o
                0x000011ec                SysTick_Handler
 .text.vPortSetupTimerInterrupt
                0x00001230       0x48 ./freertos/freertos_kernel/portable/GCC/ARM_CM4F/port.o
                0x00001230                vPortSetupTimerInterrupt
 .text.vPortEnableVFP
                0x00001278       0x14 ./freertos/freertos_kernel/portable/GCC/ARM_CM4F/port.o
 .text.vPortValidateInterruptPriority
                0x0000128c       0x80 ./freertos/freertos_kernel/portable/GCC/ARM_CM4F/port.o
                0x0000128c                vPortValidateInterruptPriority
 .text.xQueueGenericReset
                0x0000130c       0xd0 ./freertos/freertos_kernel/queue.o
                0x0000130c                xQueueGenericReset
 .text.xQueueGenericSend
                0x000013dc      0x1fc ./freertos/freertos_kernel/queue.o
                0x000013dc                xQueueGenericSend
 .text.xQueueReceive
                0x000015d8      0x1c0 ./freertos/freertos_kernel/queue.o
                0x000015d8                xQueueReceive
 .text.vQueueAddToRegistry
                0x00001798       0x54 ./freertos/freertos_kernel/queue.o
                0x00001798                vQueueAddToRegistry
 .text.prvAddNewTaskToReadyList
                0x000017ec       0xdc ./freertos/freertos_kernel/tasks.o
 .text.vTaskStartScheduler
                0x000018c8       0x9c ./freertos/freertos_kernel/tasks.o
                0x000018c8                vTaskStartScheduler
 .text.vTaskSuspendAll
                0x00001964       0x1c ./freertos/freertos_kernel/tasks.o
                0x00001964                vTaskSuspendAll
 .text.xTaskResumeAll
                0x00001980      0x138 ./freertos/freertos_kernel/tasks.o
                0x00001980                xTaskResumeAll
 .text.xTaskGetTickCount
                0x00001ab8       0x20 ./freertos/freertos_kernel/tasks.o
                0x00001ab8                xTaskGetTickCount
 .text.xTaskIncrementTick
                0x00001ad8      0x154 ./freertos/freertos_kernel/tasks.o
                0x00001ad8                xTaskIncrementTick
 .text.vTaskSwitchContext
                0x00001c2c       0xb8 ./freertos/freertos_kernel/tasks.o
                0x00001c2c                vTaskSwitchContext
 .text.vTaskPlaceOnEventList
                0x00001ce4       0x48 ./freertos/freertos_kernel/tasks.o
                0x00001ce4                vTaskPlaceOnEventList
 .text.vTaskPlaceOnEventListRestricted
                0x00001d2c       0x58 ./freertos/freertos_kernel/tasks.o
                0x00001d2c                vTaskPlaceOnEventListRestricted
 .text.xTaskRemoveFromEventList
                0x00001d84       0xc4 ./freertos/freertos_kernel/tasks.o
                0x00001d84                xTaskRemoveFromEventList
 .text.vTaskInternalSetTimeOutState
                0x00001e48       0x2c ./freertos/freertos_kernel/tasks.o
                0x00001e48                vTaskInternalSetTimeOutState
 .text.xTaskCheckForTimeOut
                0x00001e74       0xc4 ./freertos/freertos_kernel/tasks.o
                0x00001e74                xTaskCheckForTimeOut
 .text.vTaskMissedYield
                0x00001f38       0x18 ./freertos/freertos_kernel/tasks.o
                0x00001f38                vTaskMissedYield
 .text.prvIdleTask
                0x00001f50       0x30 ./freertos/freertos_kernel/tasks.o
 .text.prvInitialiseTaskLists
                0x00001f80       0x80 ./freertos/freertos_kernel/tasks.o
 .text.prvCheckTasksWaitingTermination
                0x00002000       0x5c ./freertos/freertos_kernel/tasks.o
 .text.prvResetNextTaskUnblockTime
                0x0000205c       0x40 ./freertos/freertos_kernel/tasks.o
 .text.xTaskGetSchedulerState
                0x0000209c       0x3c ./freertos/freertos_kernel/tasks.o
                0x0000209c                xTaskGetSchedulerState
 .text.xTaskPriorityDisinherit
                0x000020d8      0x10c ./freertos/freertos_kernel/tasks.o
                0x000020d8                xTaskPriorityDisinherit
 .text.prvAddCurrentTaskToDelayedList
                0x000021e4       0xcc ./freertos/freertos_kernel/tasks.o
 .text.xTimerCreateTimerTask
                0x000022b0       0x64 ./freertos/freertos_kernel/timers.o
                0x000022b0                xTimerCreateTimerTask
 .text.xTimerGenericCommand
                0x00002314       0x9c ./freertos/freertos_kernel/timers.o
                0x00002314                xTimerGenericCommand
 .text.prvProcessExpiredTimer
                0x000023b0       0x98 ./freertos/freertos_kernel/timers.o
 .text.prvProcessTimerOrBlockTask
                0x00002448       0x9c ./freertos/freertos_kernel/timers.o
 .text.prvGetNextExpireTime
                0x000024e4       0x48 ./freertos/freertos_kernel/timers.o
 .text.prvSampleTimeNow
                0x0000252c       0x40 ./freertos/freertos_kernel/timers.o
 .text.prvInsertTimerInActiveList
                0x0000256c       0x84 ./freertos/freertos_kernel/timers.o
 .text.prvProcessReceivedCommands
                0x000025f0      0x1c4 ./freertos/freertos_kernel/timers.o
 .text.prvSwitchTimerLists
                0x000027b4       0xc8 ./freertos/freertos_kernel/timers.o
 .text.prvCheckForValidListAndQueue
                0x0000287c       0x6c ./freertos/freertos_kernel/timers.o
 .text.CLOCK_SetEr32kClock
                0x000028e8       0x30 ./drivers/fsl_clock.o
 .text.CLOCK_SetPllFllSelClock
                0x00002918       0x3c ./drivers/fsl_clock.o
 .text.CLOCK_GetMcgExtClkFreq
                0x00002954       0x7c ./drivers/fsl_clock.o
 .text.CLOCK_GetFllExtRefClkFreq
                0x000029d0       0xb0 ./drivers/fsl_clock.o
 .text.CLOCK_GetInternalRefClkSelectFreq
                0x00002a80       0x4c ./drivers/fsl_clock.o
 .text.CLOCK_GetFllRefClkFreq
                0x00002acc       0x34 ./drivers/fsl_clock.o
 .text.CLOCK_GetOscRangeFromFreq
                0x00002b00       0x3c ./drivers/fsl_clock.o
 .text.CLOCK_GetCoreSysClkFreq
                0x00002b3c       0x28 ./drivers/fsl_clock.o
                0x00002b3c                CLOCK_GetCoreSysClkFreq
 .text.CLOCK_SetSimConfig
                0x00002b64       0x38 ./drivers/fsl_clock.o
                0x00002b64                CLOCK_SetSimConfig
 .text.CLOCK_GetOutClkFreq
                0x00002b9c       0x64 ./drivers/fsl_clock.o
                0x00002b9c                CLOCK_GetOutClkFreq
 .text.CLOCK_GetFllFreq
                0x00002c00       0x84 ./drivers/fsl_clock.o
                0x00002c00                CLOCK_GetFllFreq
 .text.CLOCK_GetPll0Freq
                0x00002c84       0x78 ./drivers/fsl_clock.o
                0x00002c84                CLOCK_GetPll0Freq
 .text.CLOCK_SetExternalRefClkConfig
                0x00002cfc       0x6c ./drivers/fsl_clock.o
                0x00002cfc                CLOCK_SetExternalRefClkConfig
 .text.CLOCK_SetInternalRefClkConfig
                0x00002d68      0x104 ./drivers/fsl_clock.o
                0x00002d68                CLOCK_SetInternalRefClkConfig
 .text.CLOCK_EnablePll0
                0x00002e6c       0x88 ./drivers/fsl_clock.o
                0x00002e6c                CLOCK_EnablePll0
 .text.CLOCK_InitOsc0
                0x00002ef4       0x8c ./drivers/fsl_clock.o
                0x00002ef4                CLOCK_InitOsc0
 .text.CLOCK_SetPbeMode
                0x00002f80       0xa8 ./drivers/fsl_clock.o
                0x00002f80                CLOCK_SetPbeMode
 .text.CLOCK_BootToPeeMode
                0x00003028       0x64 ./drivers/fsl_clock.o
                0x00003028                CLOCK_BootToPeeMode
 .text.UART0_DriverIRQHandler
                0x0000308c       0x28 ./drivers/fsl_uart.o
                0x0000308c                UART0_DriverIRQHandler
 .text.UART1_DriverIRQHandler
                0x000030b4       0x28 ./drivers/fsl_uart.o
                0x000030b4                UART1_DriverIRQHandler
 .text.UART2_DriverIRQHandler
                0x000030dc       0x28 ./drivers/fsl_uart.o
                0x000030dc                UART2_DriverIRQHandler
 .text.UART3_DriverIRQHandler
                0x00003104       0x28 ./drivers/fsl_uart.o
                0x00003104                UART3_DriverIRQHandler
 .text.UART4_DriverIRQHandler
                0x0000312c       0x28 ./drivers/fsl_uart.o
                0x0000312c                UART4_DriverIRQHandler
 .text.UART5_DriverIRQHandler
                0x00003154       0x28 ./drivers/fsl_uart.o
                0x00003154                UART5_DriverIRQHandler
 .text.SystemInit
                0x0000317c       0x3c ./device/system_MK64F12.o
                0x0000317c                SystemInit
 .text.CLOCK_SetSimSafeDivs
                0x000031b8       0x20 ./board/clock_config.o
 .text.CLOCK_SetXtal0Freq
                0x000031d8       0x20 ./board/clock_config.o
 .text.CLOCK_CONFIG_SetFllExtRefDiv
                0x000031f8       0x3c ./board/clock_config.o
 .text.BOARD_BootClockRUN
                0x00003234       0x60 ./board/clock_config.o
                0x00003234                BOARD_BootClockRUN
 .text.BOARD_InitPins
                0x00003294       0x48 ./board/pin_mux.o
                0x00003294                BOARD_InitPins
 .text.malloc   0x000032dc       0xc8 c:/nxp/mcuxpressoide_11.2.0_4120/ide/plugins/com.nxp.mcuxpresso.tools.win32_11.2.0.202001021529/tools/bin/../lib/gcc/arm-none-eabi/9.2.1/../../../../arm-none-eabi/lib/thumb/v7e-m+fp/hard\libcr_c.a(alloc.o)
                0x000032dc                malloc
 .text._Csys_alloc
                0x000033a4       0x20 c:/nxp/mcuxpressoide_11.2.0_4120/ide/plugins/com.nxp.mcuxpresso.tools.win32_11.2.0.202001021529/tools/bin/../lib/gcc/arm-none-eabi/9.2.1/../../../../arm-none-eabi/lib/thumb/v7e-m+fp/hard\libcr_c.a(alloc.o)
                0x000033a4                _Csys_alloc
 .text._initio  0x000033c4       0x78 c:/nxp/mcuxpressoide_11.2.0_4120/ide/plugins/com.nxp.mcuxpresso.tools.win32_11.2.0.202001021529/tools/bin/../lib/gcc/arm-none-eabi/9.2.1/../../../../arm-none-eabi/lib/thumb/v7e-m+fp/hard\libcr_c.a(initio.o)
                0x000033c4                _initio
 .text.__vfprintf
                0x0000343c      0xce8 c:/nxp/mcuxpressoide_11.2.0_4120/ide/plugins/com.nxp.mcuxpresso.tools.win32_11.2.0.202001021529/tools/bin/../lib/gcc/arm-none-eabi/9.2.1/../../../../arm-none-eabi/lib/thumb/v7e-m+fp/hard\libcr_c.a(printf.o)
                0x0000343c                __vfprintf
 .text._vsnprintf
                0x00004124       0x68 c:/nxp/mcuxpressoide_11.2.0_4120/ide/plugins/com.nxp.mcuxpresso.tools.win32_11.2.0.202001021529/tools/bin/../lib/gcc/arm-none-eabi/9.2.1/../../../../arm-none-eabi/lib/thumb/v7e-m+fp/hard\libcr_c.a(printf.o)
                0x00004124                _vsnprintf
 .text._printf  0x0000418c       0x54 c:/nxp/mcuxpressoide_11.2.0_4120/ide/plugins/com.nxp.mcuxpresso.tools.win32_11.2.0.202001021529/tools/bin/../lib/gcc/arm-none-eabi/9.2.1/../../../../arm-none-eabi/lib/thumb/v7e-m+fp/hard\libcr_c.a(printf.o)
                0x0000418c                _printf
 .text._sbrk    0x000041e0       0x3c c:/nxp/mcuxpressoide_11.2.0_4120/ide/plugins/com.nxp.mcuxpresso.tools.win32_11.2.0.202001021529/tools/bin/../lib/gcc/arm-none-eabi/9.2.1/../../../../arm-none-eabi/lib/thumb/v7e-m+fp/hard\libcr_c.a(_cr_sbrk.o)
                0x000041e0                _sbrk
 .text._Cwritebuf
                0x0000421c       0x6c c:/nxp/mcuxpressoide_11.2.0_4120/ide/plugins/com.nxp.mcuxpresso.tools.win32_11.2.0.202001021529/tools/bin/../lib/gcc/arm-none-eabi/9.2.1/../../../../arm-none-eabi/lib/thumb/v7e-m+fp/hard\libcr_c.a(_writebuf.o)
                0x0000421c                _Cwritebuf
 .text.fflush   0x00004288       0x44 c:/nxp/mcuxpressoide_11.2.0_4120/ide/plugins/com.nxp.mcuxpresso.tools.win32_11.2.0.202001021529/tools/bin/../lib/gcc/arm-none-eabi/9.2.1/../../../../arm-none-eabi/lib/thumb/v7e-m+fp/hard\libcr_c.a(fflush.o)
                0x00004288                fflush
 .text.fseek    0x000042cc      0x100 c:/nxp/mcuxpressoide_11.2.0_4120/ide/plugins/com.nxp.mcuxpresso.tools.win32_11.2.0.202001021529/tools/bin/../lib/gcc/arm-none-eabi/9.2.1/../../../../arm-none-eabi/lib/thumb/v7e-m+fp/hard\libcr_c.a(fseek.o)
                0x000042cc                fseek
 .text.ftell    0x000043cc       0x44 c:/nxp/mcuxpressoide_11.2.0_4120/ide/plugins/com.nxp.mcuxpresso.tools.win32_11.2.0.202001021529/tools/bin/../lib/gcc/arm-none-eabi/9.2.1/../../../../arm-none-eabi/lib/thumb/v7e-m+fp/hard\libcr_c.a(ftell.o)
                0x000043cc                ftell
 .text.__check_heap_overflow
                0x00004410       0x18 c:/nxp/mcuxpressoide_11.2.0_4120/ide/plugins/com.nxp.mcuxpresso.tools.win32_11.2.0.202001021529/tools/bin/../lib/gcc/arm-none-eabi/9.2.1/../../../../arm-none-eabi/lib/thumb/v7e-m+fp/hard\libcr_c.a(_cr_check_heap.o)
                0x00004410                __check_heap_overflow
 .text.__sys_appexit
                0x00004428        0xc c:/nxp/mcuxpressoide_11.2.0_4120/ide/plugins/com.nxp.mcuxpresso.tools.win32_11.2.0.202001021529/tools/bin/../lib/gcc/arm-none-eabi/9.2.1/../../../../arm-none-eabi/lib/thumb/v7e-m+fp/hard\libcr_semihost_nf.a(__sys_appexit.o)
                0x00004428                __sys_appexit
                0x00004428                __exit
 .text.DMA0_IRQHandler
                0x00004434        0x8 ./startup/startup_mk64f12.o
                0x00004434                DMA0_IRQHandler
 .text.DMA1_IRQHandler
                0x0000443c        0x8 ./startup/startup_mk64f12.o
                0x0000443c                DMA1_IRQHandler
 .text.DMA2_IRQHandler
                0x00004444        0x8 ./startup/startup_mk64f12.o
                0x00004444                DMA2_IRQHandler
 .text.DMA3_IRQHandler
                0x0000444c        0x8 ./startup/startup_mk64f12.o
                0x0000444c                DMA3_IRQHandler
 .text.DMA4_IRQHandler
                0x00004454        0x8 ./startup/startup_mk64f12.o
                0x00004454                DMA4_IRQHandler
 .text.DMA5_IRQHandler
                0x0000445c        0x8 ./startup/startup_mk64f12.o
                0x0000445c                DMA5_IRQHandler
 .text.DMA6_IRQHandler
                0x00004464        0x8 ./startup/startup_mk64f12.o
                0x00004464                DMA6_IRQHandler
 .text.DMA7_IRQHandler
                0x0000446c        0x8 ./startup/startup_mk64f12.o
                0x0000446c                DMA7_IRQHandler
 .text.DMA8_IRQHandler
                0x00004474        0x8 ./startup/startup_mk64f12.o
                0x00004474                DMA8_IRQHandler
 .text.DMA9_IRQHandler
                0x0000447c        0x8 ./startup/startup_mk64f12.o
                0x0000447c                DMA9_IRQHandler
 .text.DMA10_IRQHandler
                0x00004484        0x8 ./startup/startup_mk64f12.o
                0x00004484                DMA10_IRQHandler
 .text.DMA11_IRQHandler
                0x0000448c        0x8 ./startup/startup_mk64f12.o
                0x0000448c                DMA11_IRQHandler
 .text.DMA12_IRQHandler
                0x00004494        0x8 ./startup/startup_mk64f12.o
                0x00004494                DMA12_IRQHandler
 .text.DMA13_IRQHandler
                0x0000449c        0x8 ./startup/startup_mk64f12.o
                0x0000449c                DMA13_IRQHandler
 .text.DMA14_IRQHandler
                0x000044a4        0x8 ./startup/startup_mk64f12.o
                0x000044a4                DMA14_IRQHandler
 .text.DMA15_IRQHandler
                0x000044ac        0x8 ./startup/startup_mk64f12.o
                0x000044ac                DMA15_IRQHandler
 .text.DMA_Error_IRQHandler
                0x000044b4        0x8 ./startup/startup_mk64f12.o
                0x000044b4                DMA_Error_IRQHandler
 .text.MCM_IRQHandler
                0x000044bc        0x8 ./startup/startup_mk64f12.o
                0x000044bc                MCM_IRQHandler
 .text.FTFE_IRQHandler
                0x000044c4        0x8 ./startup/startup_mk64f12.o
                0x000044c4                FTFE_IRQHandler
 .text.Read_Collision_IRQHandler
                0x000044cc        0x8 ./startup/startup_mk64f12.o
                0x000044cc                Read_Collision_IRQHandler
 .text.LVD_LVW_IRQHandler
                0x000044d4        0x8 ./startup/startup_mk64f12.o
                0x000044d4                LVD_LVW_IRQHandler
 .text.LLWU_IRQHandler
                0x000044dc        0x8 ./startup/startup_mk64f12.o
                0x000044dc                LLWU_IRQHandler
 .text.WDOG_EWM_IRQHandler
                0x000044e4        0x8 ./startup/startup_mk64f12.o
                0x000044e4                WDOG_EWM_IRQHandler
 .text.RNG_IRQHandler
                0x000044ec        0x8 ./startup/startup_mk64f12.o
                0x000044ec                RNG_IRQHandler
 .text.I2C0_IRQHandler
                0x000044f4        0x8 ./startup/startup_mk64f12.o
                0x000044f4                I2C0_IRQHandler
 .text.I2C1_IRQHandler
                0x000044fc        0x8 ./startup/startup_mk64f12.o
                0x000044fc                I2C1_IRQHandler
 .text.SPI0_IRQHandler
                0x00004504        0x8 ./startup/startup_mk64f12.o
                0x00004504                SPI0_IRQHandler
 .text.SPI1_IRQHandler
                0x0000450c        0x8 ./startup/startup_mk64f12.o
                0x0000450c                SPI1_IRQHandler
 .text.I2S0_Tx_IRQHandler
                0x00004514        0x8 ./startup/startup_mk64f12.o
                0x00004514                I2S0_Tx_IRQHandler
 .text.I2S0_Rx_IRQHandler
                0x0000451c        0x8 ./startup/startup_mk64f12.o
                0x0000451c                I2S0_Rx_IRQHandler
 .text.UART0_LON_IRQHandler
                0x00004524        0x8 ./startup/startup_mk64f12.o
                0x00004524                UART0_LON_IRQHandler
 .text.UART0_RX_TX_IRQHandler
                0x0000452c        0x8 ./startup/startup_mk64f12.o
                0x0000452c                UART0_RX_TX_IRQHandler
 .text.UART0_ERR_IRQHandler
                0x00004534        0x8 ./startup/startup_mk64f12.o
                0x00004534                UART0_ERR_IRQHandler
 .text.UART1_RX_TX_IRQHandler
                0x0000453c        0x8 ./startup/startup_mk64f12.o
                0x0000453c                UART1_RX_TX_IRQHandler
 .text.UART1_ERR_IRQHandler
                0x00004544        0x8 ./startup/startup_mk64f12.o
                0x00004544                UART1_ERR_IRQHandler
 .text.UART2_RX_TX_IRQHandler
                0x0000454c        0x8 ./startup/startup_mk64f12.o
                0x0000454c                UART2_RX_TX_IRQHandler
 .text.UART2_ERR_IRQHandler
                0x00004554        0x8 ./startup/startup_mk64f12.o
                0x00004554                UART2_ERR_IRQHandler
 .text.UART3_RX_TX_IRQHandler
                0x0000455c        0x8 ./startup/startup_mk64f12.o
                0x0000455c                UART3_RX_TX_IRQHandler
 .text.UART3_ERR_IRQHandler
                0x00004564        0x8 ./startup/startup_mk64f12.o
                0x00004564                UART3_ERR_IRQHandler
 .text.ADC0_IRQHandler
                0x0000456c        0x8 ./startup/startup_mk64f12.o
                0x0000456c                ADC0_IRQHandler
 .text.CMP0_IRQHandler
                0x00004574        0x8 ./startup/startup_mk64f12.o
                0x00004574                CMP0_IRQHandler
 .text.CMP1_IRQHandler
                0x0000457c        0x8 ./startup/startup_mk64f12.o
                0x0000457c                CMP1_IRQHandler
 .text.FTM0_IRQHandler
                0x00004584        0x8 ./startup/startup_mk64f12.o
                0x00004584                FTM0_IRQHandler
 .text.FTM1_IRQHandler
                0x0000458c        0x8 ./startup/startup_mk64f12.o
                0x0000458c                FTM1_IRQHandler
 .text.FTM2_IRQHandler
                0x00004594        0x8 ./startup/startup_mk64f12.o
                0x00004594                FTM2_IRQHandler
 .text.CMT_IRQHandler
                0x0000459c        0x8 ./startup/startup_mk64f12.o
                0x0000459c                CMT_IRQHandler
 .text.RTC_IRQHandler
                0x000045a4        0x8 ./startup/startup_mk64f12.o
                0x000045a4                RTC_IRQHandler
 .text.RTC_Seconds_IRQHandler
                0x000045ac        0x8 ./startup/startup_mk64f12.o
                0x000045ac                RTC_Seconds_IRQHandler
 .text.PIT0_IRQHandler
                0x000045b4        0x8 ./startup/startup_mk64f12.o
                0x000045b4                PIT0_IRQHandler
 .text.PIT1_IRQHandler
                0x000045bc        0x8 ./startup/startup_mk64f12.o
                0x000045bc                PIT1_IRQHandler
 .text.PIT2_IRQHandler
                0x000045c4        0x8 ./startup/startup_mk64f12.o
                0x000045c4                PIT2_IRQHandler
 .text.PIT3_IRQHandler
                0x000045cc        0x8 ./startup/startup_mk64f12.o
                0x000045cc                PIT3_IRQHandler
 .text.PDB0_IRQHandler
                0x000045d4        0x8 ./startup/startup_mk64f12.o
                0x000045d4                PDB0_IRQHandler
 .text.USB0_IRQHandler
                0x000045dc        0x8 ./startup/startup_mk64f12.o
                0x000045dc                USB0_IRQHandler
 .text.USBDCD_IRQHandler
                0x000045e4        0x8 ./startup/startup_mk64f12.o
                0x000045e4                USBDCD_IRQHandler
 .text.Reserved71_IRQHandler
                0x000045ec        0x8 ./startup/startup_mk64f12.o
                0x000045ec                Reserved71_IRQHandler
 .text.DAC0_IRQHandler
                0x000045f4        0x8 ./startup/startup_mk64f12.o
                0x000045f4                DAC0_IRQHandler
 .text.MCG_IRQHandler
                0x000045fc        0x8 ./startup/startup_mk64f12.o
                0x000045fc                MCG_IRQHandler
 .text.LPTMR0_IRQHandler
                0x00004604        0x8 ./startup/startup_mk64f12.o
                0x00004604                LPTMR0_IRQHandler
 .text.PORTA_IRQHandler
                0x0000460c        0x8 ./startup/startup_mk64f12.o
                0x0000460c                PORTA_IRQHandler
 .text.PORTB_IRQHandler
                0x00004614        0x8 ./startup/startup_mk64f12.o
                0x00004614                PORTB_IRQHandler
 .text.PORTC_IRQHandler
                0x0000461c        0x8 ./startup/startup_mk64f12.o
                0x0000461c                PORTC_IRQHandler
 .text.PORTD_IRQHandler
                0x00004624        0x8 ./startup/startup_mk64f12.o
                0x00004624                PORTD_IRQHandler
 .text.PORTE_IRQHandler
                0x0000462c        0x8 ./startup/startup_mk64f12.o
                0x0000462c                PORTE_IRQHandler
 .text.SWI_IRQHandler
                0x00004634        0x8 ./startup/startup_mk64f12.o
                0x00004634                SWI_IRQHandler
 .text.SPI2_IRQHandler
                0x0000463c        0x8 ./startup/startup_mk64f12.o
                0x0000463c                SPI2_IRQHandler
 .text.UART4_RX_TX_IRQHandler
                0x00004644        0x8 ./startup/startup_mk64f12.o
                0x00004644                UART4_RX_TX_IRQHandler
 .text.UART4_ERR_IRQHandler
                0x0000464c        0x8 ./startup/startup_mk64f12.o
                0x0000464c                UART4_ERR_IRQHandler
 .text.UART5_RX_TX_IRQHandler
                0x00004654        0x8 ./startup/startup_mk64f12.o
                0x00004654                UART5_RX_TX_IRQHandler
 .text.UART5_ERR_IRQHandler
                0x0000465c        0x8 ./startup/startup_mk64f12.o
                0x0000465c                UART5_ERR_IRQHandler
 .text.CMP2_IRQHandler
                0x00004664        0x8 ./startup/startup_mk64f12.o
                0x00004664                CMP2_IRQHandler
 .text.FTM3_IRQHandler
                0x0000466c        0x8 ./startup/startup_mk64f12.o
                0x0000466c                FTM3_IRQHandler
 .text.DAC1_IRQHandler
                0x00004674        0x8 ./startup/startup_mk64f12.o
                0x00004674                DAC1_IRQHandler
 .text.ADC1_IRQHandler
                0x0000467c        0x8 ./startup/startup_mk64f12.o
                0x0000467c                ADC1_IRQHandler
 .text.I2C2_IRQHandler
                0x00004684        0x8 ./startup/startup_mk64f12.o
                0x00004684                I2C2_IRQHandler
 .text.CAN0_ORed_Message_buffer_IRQHandler
                0x0000468c        0x8 ./startup/startup_mk64f12.o
                0x0000468c                CAN0_ORed_Message_buffer_IRQHandler
 .text.CAN0_Bus_Off_IRQHandler
                0x00004694        0x8 ./startup/startup_mk64f12.o
                0x00004694                CAN0_Bus_Off_IRQHandler
 .text.CAN0_Error_IRQHandler
                0x0000469c        0x8 ./startup/startup_mk64f12.o
                0x0000469c                CAN0_Error_IRQHandler
 .text.CAN0_Tx_Warning_IRQHandler
                0x000046a4        0x8 ./startup/startup_mk64f12.o
                0x000046a4                CAN0_Tx_Warning_IRQHandler
 .text.CAN0_Rx_Warning_IRQHandler
                0x000046ac        0x8 ./startup/startup_mk64f12.o
                0x000046ac                CAN0_Rx_Warning_IRQHandler
 .text.CAN0_Wake_Up_IRQHandler
                0x000046b4        0x8 ./startup/startup_mk64f12.o
                0x000046b4                CAN0_Wake_Up_IRQHandler
 .text.SDHC_IRQHandler
                0x000046bc        0x8 ./startup/startup_mk64f12.o
                0x000046bc                SDHC_IRQHandler
 .text.ENET_1588_Timer_IRQHandler
                0x000046c4        0x8 ./startup/startup_mk64f12.o
                0x000046c4                ENET_1588_Timer_IRQHandler
 .text.ENET_Transmit_IRQHandler
                0x000046cc        0x8 ./startup/startup_mk64f12.o
                0x000046cc                ENET_Transmit_IRQHandler
 .text.ENET_Receive_IRQHandler
                0x000046d4        0x8 ./startup/startup_mk64f12.o
                0x000046d4                ENET_Receive_IRQHandler
 .text.ENET_Error_IRQHandler
                0x000046dc        0x8 ./startup/startup_mk64f12.o
                0x000046dc                ENET_Error_IRQHandler
 .text.AES_init_ctx_iv
                0x000046e4       0x2c ./source/aes.o
                0x000046e4                AES_init_ctx_iv
 .text.AddRoundKey
                0x00004710       0x78 ./source/aes.o
 .text.ShiftRows
                0x00004788       0x84 ./source/aes.o
 .text.xtime    0x0000480c       0x3c ./source/aes.o
 .text.MixColumns
                0x00004848      0x16a ./source/aes.o
 .text.InvMixColumns
                0x000049b2      0x698 ./source/aes.o
 .text.InvShiftRows
                0x0000504a       0x84 ./source/aes.o
 .text.Cipher   0x000050ce       0x66 ./source/aes.o
 .text.InvCipher
                0x00005134       0x66 ./source/aes.o
 .text.AES_ECB_decrypt
                0x0000519a       0x1c ./source/aes.o
                0x0000519a                AES_ECB_decrypt
 .text.XorWithIv
                0x000051b6       0x46 ./source/aes.o
 .text.AES_CBC_encrypt_buffer
                0x000051fc       0x58 ./source/aes.o
                0x000051fc                AES_CBC_encrypt_buffer
 .text.u32t8le  0x00005254       0x42 ./source/chacha.o
 .text.u8t32le  0x00005296       0x46 ./source/chacha.o
 .text.rotl32   0x000052dc       0x22 ./source/chacha.o
 .text.chacha20_quarterround
                0x000052fe      0x13e ./source/chacha.o
 .text.chacha20_serialize
                0x0000543c       0x42 ./source/chacha.o
 .text.chacha20_block
                0x0000547e      0x10a ./source/chacha.o
 .text.ChaCha20XOR
                0x00005588       0xbe ./source/chacha.o
                0x00005588                ChaCha20XOR
 .text.HardFault_Handler
                0x00005646       0x2c ./source/semihost_hardfault.o
                0x00005646                HardFault_Handler
 .text.vListInitialise
                0x00005672       0x40 ./freertos/freertos_kernel/list.o
                0x00005672                vListInitialise
 .text.vListInitialiseItem
                0x000056b2       0x1a ./freertos/freertos_kernel/list.o
                0x000056b2                vListInitialiseItem
 .text.vListInsertEnd
                0x000056cc       0x48 ./freertos/freertos_kernel/list.o
                0x000056cc                vListInsertEnd
 .text.vListInsert
                0x00005714       0x72 ./freertos/freertos_kernel/list.o
                0x00005714                vListInsert
 .text.uxListRemove
                0x00005786       0x54 ./freertos/freertos_kernel/list.o
                0x00005786                uxListRemove
 .text.xQueueGenericCreate
                0x000057da       0x6c ./freertos/freertos_kernel/queue.o
                0x000057da                xQueueGenericCreate
 .text.prvInitialiseNewQueue
                0x00005846       0x46 ./freertos/freertos_kernel/queue.o
 .text.xQueueGenericSendFromISR
                0x0000588c      0x136 ./freertos/freertos_kernel/queue.o
                0x0000588c                xQueueGenericSendFromISR
 .text.prvCopyDataToQueue
                0x000059c2       0xd4 ./freertos/freertos_kernel/queue.o
 .text.prvCopyDataFromQueue
                0x00005a96       0x4c ./freertos/freertos_kernel/queue.o
 .text.prvUnlockQueue
                0x00005ae2       0xa4 ./freertos/freertos_kernel/queue.o
 .text.prvIsQueueEmpty
                0x00005b86       0x2c ./freertos/freertos_kernel/queue.o
 .text.prvIsQueueFull
                0x00005bb2       0x30 ./freertos/freertos_kernel/queue.o
 .text.vQueueWaitForMessageRestricted
                0x00005be2       0x68 ./freertos/freertos_kernel/queue.o
                0x00005be2                vQueueWaitForMessageRestricted
 .text.xTaskCreate
                0x00005c4a       0x82 ./freertos/freertos_kernel/tasks.o
                0x00005c4a                xTaskCreate
 .text.prvInitialiseNewTask
                0x00005ccc      0x144 ./freertos/freertos_kernel/tasks.o
 .text.prvDeleteTCB
                0x00005e10       0x20 ./freertos/freertos_kernel/tasks.o
 .text.prvTimerTask
                0x00005e30       0x24 ./freertos/freertos_kernel/timers.o
 .text.OSC_SetExtRefClkConfig
                0x00005e54       0x34 ./drivers/fsl_clock.o
 .text.OSC_SetCapLoad
                0x00005e88       0x34 ./drivers/fsl_clock.o
 .text.CLOCK_GetPll0RefFreq
                0x00005ebc        0xe ./drivers/fsl_clock.o
 .text.UART0_RX_TX_DriverIRQHandler
                0x00005eca       0x12 ./drivers/fsl_uart.o
                0x00005eca                UART0_RX_TX_DriverIRQHandler
 .text.UART1_RX_TX_DriverIRQHandler
                0x00005edc       0x12 ./drivers/fsl_uart.o
                0x00005edc                UART1_RX_TX_DriverIRQHandler
 .text.UART2_RX_TX_DriverIRQHandler
                0x00005eee       0x12 ./drivers/fsl_uart.o
                0x00005eee                UART2_RX_TX_DriverIRQHandler
 .text.UART3_RX_TX_DriverIRQHandler
                0x00005f00       0x12 ./drivers/fsl_uart.o
                0x00005f00                UART3_RX_TX_DriverIRQHandler
 .text.UART4_RX_TX_DriverIRQHandler
                0x00005f12       0x12 ./drivers/fsl_uart.o
                0x00005f12                UART4_RX_TX_DriverIRQHandler
 .text.UART5_RX_TX_DriverIRQHandler
                0x00005f24       0x12 ./drivers/fsl_uart.o
                0x00005f24                UART5_RX_TX_DriverIRQHandler
 .text.SystemInitHook
                0x00005f36        0xe ./device/system_MK64F12.o
                0x00005f36                SystemInitHook
 .text.DbgConsole_Init
                0x00005f44       0x20 ./board/board.o
 .text.BOARD_InitDebugConsole
                0x00005f64       0x22 ./board/board.o
                0x00005f64                BOARD_InitDebugConsole
 .text.BOARD_InitBootClocks
                0x00005f86        0xc ./board/clock_config.o
                0x00005f86                BOARD_InitBootClocks
 .text.CLOCK_EnableClock
                0x00005f92       0x34 ./board/pin_mux.o
 .text.PORT_SetPinMux
                0x00005fc6       0x3a ./board/pin_mux.o
 .text.BOARD_InitBootPins
                0x00006000        0xc ./board/pin_mux.o
                0x00006000                BOARD_InitBootPins
 .text.__main   0x0000600c        0xe c:/nxp/mcuxpressoide_11.2.0_4120/ide/plugins/com.nxp.mcuxpresso.tools.win32_11.2.0.202001021529/tools/bin/../lib/gcc/arm-none-eabi/9.2.1/../../../../arm-none-eabi/lib/thumb/v7e-m+fp/hard\libcr_semihost_nf.a(_cr__main.o)
                0x0000600c                __CR_SEMIHOST
                0x0000600c                __main
 .text.memcpy   0x0000601a        0x4 c:/nxp/mcuxpressoide_11.2.0_4120/ide/plugins/com.nxp.mcuxpresso.tools.win32_11.2.0.202001021529/tools/bin/../lib/gcc/arm-none-eabi/9.2.1/../../../../arm-none-eabi/lib/thumb/v7e-m+fp/hard\libcr_c.a(memcpy.o)
                0x0000601a                memcpy
 .text.memset   0x0000601e        0x4 c:/nxp/mcuxpressoide_11.2.0_4120/ide/plugins/com.nxp.mcuxpresso.tools.win32_11.2.0.202001021529/tools/bin/../lib/gcc/arm-none-eabi/9.2.1/../../../../arm-none-eabi/lib/thumb/v7e-m+fp/hard\libcr_c.a(memset.o)
                0x0000601e                memset
 .text.free     0x00006022       0x30 c:/nxp/mcuxpressoide_11.2.0_4120/ide/plugins/com.nxp.mcuxpresso.tools.win32_11.2.0.202001021529/tools/bin/../lib/gcc/arm-none-eabi/9.2.1/../../../../arm-none-eabi/lib/thumb/v7e-m+fp/hard\libcr_c.a(alloc.o)
                0x00006022                free
 .text.no_fp_display
                0x00006052        0x4 c:/nxp/mcuxpressoide_11.2.0_4120/ide/plugins/com.nxp.mcuxpresso.tools.win32_11.2.0.202001021529/tools/bin/../lib/gcc/arm-none-eabi/9.2.1/../../../../arm-none-eabi/lib/thumb/v7e-m+fp/hard\libcr_c.a(printf.o)
 .text.setvbuf  0x00006056       0x3e c:/nxp/mcuxpressoide_11.2.0_4120/ide/plugins/com.nxp.mcuxpresso.tools.win32_11.2.0.202001021529/tools/bin/../lib/gcc/arm-none-eabi/9.2.1/../../../../arm-none-eabi/lib/thumb/v7e-m+fp/hard\libcr_c.a(setvbuf.o)
                0x00006056                setvbuf
 .text.strlen   0x00006094       0x4c c:/nxp/mcuxpressoide_11.2.0_4120/ide/plugins/com.nxp.mcuxpresso.tools.win32_11.2.0.202001021529/tools/bin/../lib/gcc/arm-none-eabi/9.2.1/../../../../arm-none-eabi/lib/thumb/v7e-m+fp/hard\libcr_c.a(strlen.o)
                0x00006094                strlen
 .text._deferredlazyseek
                0x000060e0       0x40 c:/nxp/mcuxpressoide_11.2.0_4120/ide/plugins/com.nxp.mcuxpresso.tools.win32_11.2.0.202001021529/tools/bin/../lib/gcc/arm-none-eabi/9.2.1/../../../../arm-none-eabi/lib/thumb/v7e-m+fp/hard\libcr_c.a(_deferredlazyseek.o)
                0x000060e0                _deferredlazyseek
 .text.__flsbuf
                0x00006120      0x140 c:/nxp/mcuxpressoide_11.2.0_4120/ide/plugins/com.nxp.mcuxpresso.tools.win32_11.2.0.202001021529/tools/bin/../lib/gcc/arm-none-eabi/9.2.1/../../../../arm-none-eabi/lib/thumb/v7e-m+fp/hard\libcr_c.a(_deferredlazyseek.o)
                0x00006120                __flsbuf
 .text._fdopen  0x00006260       0x68 c:/nxp/mcuxpressoide_11.2.0_4120/ide/plugins/com.nxp.mcuxpresso.tools.win32_11.2.0.202001021529/tools/bin/../lib/gcc/arm-none-eabi/9.2.1/../../../../arm-none-eabi/lib/thumb/v7e-m+fp/hard\libcr_c.a(_fdopen.o)
                0x00006260                _fdopen
 .text._fflush  0x000062c8       0x52 c:/nxp/mcuxpressoide_11.2.0_4120/ide/plugins/com.nxp.mcuxpresso.tools.win32_11.2.0.202001021529/tools/bin/../lib/gcc/arm-none-eabi/9.2.1/../../../../arm-none-eabi/lib/thumb/v7e-m+fp/hard\libcr_c.a(_fflush.o)
                0x000062c8                _fflush
 .text.fclose   0x0000631a       0x58 c:/nxp/mcuxpressoide_11.2.0_4120/ide/plugins/com.nxp.mcuxpresso.tools.win32_11.2.0.202001021529/tools/bin/../lib/gcc/arm-none-eabi/9.2.1/../../../../arm-none-eabi/lib/thumb/v7e-m+fp/hard\libcr_c.a(fclose.o)
                0x0000631a                fclose
 .text.remove   0x00006372       0x14 c:/nxp/mcuxpressoide_11.2.0_4120/ide/plugins/com.nxp.mcuxpresso.tools.win32_11.2.0.202001021529/tools/bin/../lib/gcc/arm-none-eabi/9.2.1/../../../../arm-none-eabi/lib/thumb/v7e-m+fp/hard\libcr_c.a(remove.o)
                0x00006372                remove
 .text._do_fflush
                0x00006386       0x40 c:/nxp/mcuxpressoide_11.2.0_4120/ide/plugins/com.nxp.mcuxpresso.tools.win32_11.2.0.202001021529/tools/bin/../lib/gcc/arm-none-eabi/9.2.1/../../../../arm-none-eabi/lib/thumb/v7e-m+fp/hard\libcr_c.a(_do_fflush.o)
                0x00006386                _do_fflush
 .text.__aeabi_memcpy
                0x000063c6       0x34 c:/nxp/mcuxpressoide_11.2.0_4120/ide/plugins/com.nxp.mcuxpresso.tools.win32_11.2.0.202001021529/tools/bin/../lib/gcc/arm-none-eabi/9.2.1/thumb/v7e-m+fp/hard\libcr_eabihelpers.a(memcpy.o)
                0x000063c6                __aeabi_memcpy
                0x000063d0                __aeabi_memcpy8
                0x000063d0                __aeabi_memcpy4
 .text.__aeabi_memset_lowlevel
                0x000063fa       0x32 c:/nxp/mcuxpressoide_11.2.0_4120/ide/plugins/com.nxp.mcuxpresso.tools.win32_11.2.0.202001021529/tools/bin/../lib/gcc/arm-none-eabi/9.2.1/thumb/v7e-m+fp/hard\libcr_eabihelpers.a(memcpy.o)
                0x000063fa                __aeabi_lowlevel_memset
 .text.__sys_close
                0x0000642c        0xc c:/nxp/mcuxpressoide_11.2.0_4120/ide/plugins/com.nxp.mcuxpresso.tools.win32_11.2.0.202001021529/tools/bin/../lib/gcc/arm-none-eabi/9.2.1/../../../../arm-none-eabi/lib/thumb/v7e-m+fp/hard\libcr_semihost_nf.a(__sys_close.o)
                0x0000642c                __sys_close
 .text.__sys_flen
                0x00006438        0xc c:/nxp/mcuxpressoide_11.2.0_4120/ide/plugins/com.nxp.mcuxpresso.tools.win32_11.2.0.202001021529/tools/bin/../lib/gcc/arm-none-eabi/9.2.1/../../../../arm-none-eabi/lib/thumb/v7e-m+fp/hard\libcr_semihost_nf.a(__sys_flen.o)
                0x00006438                __sys_flen
 .text.__sys_istty
                0x00006444        0xc c:/nxp/mcuxpressoide_11.2.0_4120/ide/plugins/com.nxp.mcuxpresso.tools.win32_11.2.0.202001021529/tools/bin/../lib/gcc/arm-none-eabi/9.2.1/../../../../arm-none-eabi/lib/thumb/v7e-m+fp/hard\libcr_semihost_nf.a(__sys_istty.o)
                0x00006444                __sys_istty
 .text.__sys_remove
                0x00006450        0xc c:/nxp/mcuxpressoide_11.2.0_4120/ide/plugins/com.nxp.mcuxpresso.tools.win32_11.2.0.202001021529/tools/bin/../lib/gcc/arm-none-eabi/9.2.1/../../../../arm-none-eabi/lib/thumb/v7e-m+fp/hard\libcr_semihost_nf.a(__sys_remove.o)
                0x00006450                __sys_remove
 .text.__sys_seek
                0x0000645c        0xc c:/nxp/mcuxpressoide_11.2.0_4120/ide/plugins/com.nxp.mcuxpresso.tools.win32_11.2.0.202001021529/tools/bin/../lib/gcc/arm-none-eabi/9.2.1/../../../../arm-none-eabi/lib/thumb/v7e-m+fp/hard\libcr_semihost_nf.a(__sys_seek.o)
                0x0000645c                __sys_seek
 .text.__sys_tmpnam
                0x00006468        0xc c:/nxp/mcuxpressoide_11.2.0_4120/ide/plugins/com.nxp.mcuxpresso.tools.win32_11.2.0.202001021529/tools/bin/../lib/gcc/arm-none-eabi/9.2.1/../../../../arm-none-eabi/lib/thumb/v7e-m+fp/hard\libcr_semihost_nf.a(__sys_tmpnam.o)
                0x00006468                __sys_tmpnam
 .text.__sys_write
                0x00006474        0xc c:/nxp/mcuxpressoide_11.2.0_4120/ide/plugins/com.nxp.mcuxpresso.tools.win32_11.2.0.202001021529/tools/bin/../lib/gcc/arm-none-eabi/9.2.1/../../../../arm-none-eabi/lib/thumb/v7e-m+fp/hard\libcr_semihost_nf.a(__sys_write.o)
                0x00006474                __sys_write
 *freertos*/tasks.o(SORT_BY_ALIGNMENT(.rodata*))
 .rodata.vTaskStartScheduler.str1.4
                0x00006480        0x5 ./freertos/freertos_kernel/tasks.o
 *fill*         0x00006485        0x3 ff
 .rodata        0x00006488       0x1c ./freertos/freertos_kernel/tasks.o
                0x00006488                portArch_Name
                0x0000648c                FreeRTOSDebugConfig
 *(SORT_BY_ALIGNMENT(.rodata) SORT_BY_ALIGNMENT(.rodata.*) SORT_BY_ALIGNMENT(.constdata) SORT_BY_ALIGNMENT(.constdata.*))
 .rodata.__assertion_failed.str1.4
                0x000064a4       0x14 ./utilities/fsl_assert.o
 .rodata.sbox   0x000064b8      0x100 ./source/aes.o
 .rodata.rsbox  0x000065b8      0x100 ./source/aes.o
 .rodata.Rcon   0x000066b8        0xb ./source/aes.o
 *fill*         0x000066c3        0x1 ff
 .rodata.main.str1.4
                0x000066c4       0x25 ./source/freertos_hello.o
 *fill*         0x000066e9        0x3 ff
 .rodata.hello_task.str1.4
                0x000066ec      0x29c ./source/freertos_hello.o
                                0x2b0 (size before relaxing)
 .rodata        0x00006988       0x3c ./source/freertos_hello.o
 .rodata.xTimerCreateTimerTask.str1.4
                0x000069c4        0x8 ./freertos/freertos_kernel/timers.o
 .rodata.prvCheckForValidListAndQueue.str1.4
                0x000069cc        0x5 ./freertos/freertos_kernel/timers.o
 *fill*         0x000069d1        0x3 ff
 .rodata.CLOCK_GetMcgExtClkFreq.str1.4
                0x000069d4       0x4e ./drivers/fsl_clock.o
 *fill*         0x00006a22        0x2 ff
 .rodata.CLOCK_GetPll0Freq.str1.4
                0x00006a24       0x1e ./drivers/fsl_clock.o
 *fill*         0x00006a42        0x2 ff
 .rodata.CLOCK_EnablePll0.str1.4
                0x00006a44       0x1b ./drivers/fsl_clock.o
 *fill*         0x00006a5f        0x1 ff
 .rodata.CLOCK_SetPbeMode.str1.4
                0x00006a60       0x1b ./drivers/fsl_clock.o
 *fill*         0x00006a7b        0x1 ff
 .rodata.CLOCK_BootToPeeMode.str1.4
                0x00006a7c       0x1b ./drivers/fsl_clock.o
 *fill*         0x00006a97        0x1 ff
 .rodata.fllFactorTable.7941
                0x00006a98       0x10 ./drivers/fsl_clock.o
 .rodata.mcgConfig_BOARD_BootClockRUN
                0x00006aa8        0xb ./board/clock_config.o
                0x00006aa8                mcgConfig_BOARD_BootClockRUN
 *fill*         0x00006ab3        0x1 ff
 .rodata.simConfig_BOARD_BootClockRUN
                0x00006ab4        0x8 ./board/clock_config.o
                0x00006ab4                simConfig_BOARD_BootClockRUN
 .rodata.oscConfig_BOARD_BootClockRUN
                0x00006abc        0x8 ./board/clock_config.o
                0x00006abc                oscConfig_BOARD_BootClockRUN
 .rodata.__num_Ciob_streams
                0x00006ac4        0x4 c:/nxp/mcuxpressoide_11.2.0_4120/ide/plugins/com.nxp.mcuxpresso.tools.win32_11.2.0.202001021529/tools/bin/../lib/gcc/arm-none-eabi/9.2.1/../../../../arm-none-eabi/lib/thumb/v7e-m+fp/hard\libcr_semihost_nf.a(__ciob.o)
                0x00006ac4                __num_Ciob_streams
 .rodata._Csys_alloc.str1.1
                0x00006ac8       0x18 c:/nxp/mcuxpressoide_11.2.0_4120/ide/plugins/com.nxp.mcuxpresso.tools.win32_11.2.0.202001021529/tools/bin/../lib/gcc/arm-none-eabi/9.2.1/../../../../arm-none-eabi/lib/thumb/v7e-m+fp/hard\libcr_c.a(alloc.o)
 .rodata._initio.str1.1
                0x00006ae0        0x4 c:/nxp/mcuxpressoide_11.2.0_4120/ide/plugins/com.nxp.mcuxpresso.tools.win32_11.2.0.202001021529/tools/bin/../lib/gcc/arm-none-eabi/9.2.1/../../../../arm-none-eabi/lib/thumb/v7e-m+fp/hard\libcr_c.a(initio.o)
 .rodata.__vfprintf.str1.1
                0x00006ae4       0x37 c:/nxp/mcuxpressoide_11.2.0_4120/ide/plugins/com.nxp.mcuxpresso.tools.win32_11.2.0.202001021529/tools/bin/../lib/gcc/arm-none-eabi/9.2.1/../../../../arm-none-eabi/lib/thumb/v7e-m+fp/hard\libcr_c.a(printf.o)
                                 0x38 (size before relaxing)
                0x00006b20                . = ALIGN (0x8)
 *fill*         0x00006b1b        0x5 ff

.glue_7         0x00006b20        0x0
 .glue_7        0x00006b20        0x0 linker stubs

.glue_7t        0x00006b20        0x0
 .glue_7t       0x00006b20        0x0 linker stubs

.vfp11_veneer   0x00006b20        0x0
 .vfp11_veneer  0x00006b20        0x0 linker stubs

.v4_bx          0x00006b20        0x0
 .v4_bx         0x00006b20        0x0 linker stubs

.iplt           0x00006b20        0x0
 .iplt          0x00006b20        0x0 ./utilities/fsl_assert.o

.rel.dyn        0x00006b20        0x0
 .rel.iplt      0x00006b20        0x0 ./utilities/fsl_assert.o

.ARM.extab
 *(SORT_BY_ALIGNMENT(.ARM.extab*) SORT_BY_ALIGNMENT(.gnu.linkonce.armextab.*))

.ARM.exidx      0x00006b20        0x0
                0x00006b20                __exidx_start = .
 *(SORT_BY_ALIGNMENT(.ARM.exidx*) SORT_BY_ALIGNMENT(.gnu.linkonce.armexidx.*))
                0x00006b20                __exidx_end = .
                0x00006b20                _etext = .

.m_usb_data
 *(SORT_BY_ALIGNMENT(m_usb_bdt))

.data_RAM2      0x1fff0000        0x0 load address 0x00006b20
 FILL mask 0xff
                [!provide]                PROVIDE (__start_data_RAM2 = .)
                [!provide]                PROVIDE (__start_data_SRAM_LOWER = .)
 *(SORT_BY_ALIGNMENT(.ramfunc.$RAM2))
 *(SORT_BY_ALIGNMENT(.ramfunc.$SRAM_LOWER))
 *(SORT_BY_ALIGNMENT(.data.$RAM2))
 *(SORT_BY_ALIGNMENT(.data.$SRAM_LOWER))
 *(SORT_BY_ALIGNMENT(.data.$RAM2.*))
 *(SORT_BY_ALIGNMENT(.data.$SRAM_LOWER.*))
                0x1fff0000                . = ALIGN (0x8)
                [!provide]                PROVIDE (__end_data_RAM2 = .)
                [!provide]                PROVIDE (__end_data_SRAM_LOWER = .)

.data_RAM3      0x14000000        0x0 load address 0x00006b20
 FILL mask 0xff
                [!provide]                PROVIDE (__start_data_RAM3 = .)
                [!provide]                PROVIDE (__start_data_FLEX_RAM = .)
 *(SORT_BY_ALIGNMENT(.ramfunc.$RAM3))
 *(SORT_BY_ALIGNMENT(.ramfunc.$FLEX_RAM))
 *(SORT_BY_ALIGNMENT(.data.$RAM3))
 *(SORT_BY_ALIGNMENT(.data.$FLEX_RAM))
 *(SORT_BY_ALIGNMENT(.data.$RAM3.*))
 *(SORT_BY_ALIGNMENT(.data.$FLEX_RAM.*))
                0x14000000                . = ALIGN (0x8)
                [!provide]                PROVIDE (__end_data_RAM3 = .)
                [!provide]                PROVIDE (__end_data_FLEX_RAM = .)

.uninit_RESERVED
                0x20000000        0x0
                0x20000000                _start_uninit_RESERVED = .
 *(SORT_BY_ALIGNMENT(.bss.$RESERVED*))
                0x20000000                . = ALIGN (0x8)
                0x20000000                _end_uninit_RESERVED = .

.data           0x20000000       0x10 load address 0x00006b20
 FILL mask 0xff
                0x20000000                _data = .
                [!provide]                PROVIDE (__start_data_RAM = .)
                [!provide]                PROVIDE (__start_data_SRAM_UPPER = .)
 *(SORT_BY_ALIGNMENT(vtable))
 *(SORT_BY_ALIGNMENT(.ramfunc*))
 *(SORT_BY_ALIGNMENT(CodeQuickAccess))
 *(SORT_BY_ALIGNMENT(DataQuickAccess))
 *(SORT_BY_ALIGNMENT(RamFunction))
 *(SORT_BY_ALIGNMENT(.data*))
 .data.uxCriticalNesting
                0x20000000        0x4 ./freertos/freertos_kernel/portable/GCC/ARM_CM4F/port.o
 .data.s_slowIrcFreq
                0x20000004        0x4 ./drivers/fsl_clock.o
 .data.s_fastIrcFreq
                0x20000008        0x4 ./drivers/fsl_clock.o
 .data.SystemCoreClock
                0x2000000c        0x4 ./device/system_MK64F12.o
                0x2000000c                SystemCoreClock
                0x20000010                . = ALIGN (0x8)
                0x20000010                _edata = .
                [!provide]                PROVIDE (__end_data_RAM = .)
                [!provide]                PROVIDE (__end_data_SRAM_UPPER = .)

.igot.plt       0x20000010        0x0 load address 0x00006b30
 .igot.plt      0x20000010        0x0 ./utilities/fsl_assert.o

.bss_RAM2       0x1fff0000        0x0
                [!provide]                PROVIDE (__start_bss_RAM2 = .)
                [!provide]                PROVIDE (__start_bss_SRAM_LOWER = .)
 *(SORT_BY_ALIGNMENT(.bss.$RAM2))
 *(SORT_BY_ALIGNMENT(.bss.$SRAM_LOWER))
 *(SORT_BY_ALIGNMENT(.bss.$RAM2.*))
 *(SORT_BY_ALIGNMENT(.bss.$SRAM_LOWER.*))
                0x1fff0000                . = ALIGN ((. != 0x0)?0x8:0x1)
                [!provide]                PROVIDE (__end_bss_RAM2 = .)
                [!provide]                PROVIDE (__end_bss_SRAM_LOWER = .)

.bss_RAM3       0x14000000        0x0
                [!provide]                PROVIDE (__start_bss_RAM3 = .)
                [!provide]                PROVIDE (__start_bss_FLEX_RAM = .)
 *(SORT_BY_ALIGNMENT(.bss.$RAM3))
 *(SORT_BY_ALIGNMENT(.bss.$FLEX_RAM))
 *(SORT_BY_ALIGNMENT(.bss.$RAM3.*))
 *(SORT_BY_ALIGNMENT(.bss.$FLEX_RAM.*))
                0x14000000                . = ALIGN ((. != 0x0)?0x8:0x1)
                [!provide]                PROVIDE (__end_bss_RAM3 = .)
                [!provide]                PROVIDE (__end_bss_FLEX_RAM = .)

.bss            0x20000010     0x2a90
                0x20000010                _bss = .
                [!provide]                PROVIDE (__start_bss_RAM = .)
                [!provide]                PROVIDE (__start_bss_SRAM_UPPER = .)
 *(SORT_BY_ALIGNMENT(.bss*))
 .bss.ucHeap    0x20000010     0x2800 ./freertos/freertos_kernel/portable/MemMang/heap_4.o
 .bss.xStart    0x20002810        0x8 ./freertos/freertos_kernel/portable/MemMang/heap_4.o
 .bss.pxEnd     0x20002818        0x4 ./freertos/freertos_kernel/portable/MemMang/heap_4.o
 .bss.xFreeBytesRemaining
                0x2000281c        0x4 ./freertos/freertos_kernel/portable/MemMang/heap_4.o
 .bss.xMinimumEverFreeBytesRemaining
                0x20002820        0x4 ./freertos/freertos_kernel/portable/MemMang/heap_4.o
 .bss.xNumberOfSuccessfulAllocations
                0x20002824        0x4 ./freertos/freertos_kernel/portable/MemMang/heap_4.o
 .bss.xNumberOfSuccessfulFrees
                0x20002828        0x4 ./freertos/freertos_kernel/portable/MemMang/heap_4.o
 .bss.xBlockAllocatedBit
                0x2000282c        0x4 ./freertos/freertos_kernel/portable/MemMang/heap_4.o
 .bss.ulMaxPRIGROUPValue
                0x20002830        0x4 ./freertos/freertos_kernel/portable/GCC/ARM_CM4F/port.o
 .bss.xQueueRegistry
                0x20002834       0x40 ./freertos/freertos_kernel/queue.o
                0x20002834                xQueueRegistry
 .bss.pxCurrentTCB
                0x20002874        0x4 ./freertos/freertos_kernel/tasks.o
                0x20002874                pxCurrentTCB
 .bss.pxReadyTasksLists
                0x20002878       0x64 ./freertos/freertos_kernel/tasks.o
 .bss.xDelayedTaskList1
                0x200028dc       0x14 ./freertos/freertos_kernel/tasks.o
 .bss.xDelayedTaskList2
                0x200028f0       0x14 ./freertos/freertos_kernel/tasks.o
 .bss.pxDelayedTaskList
                0x20002904        0x4 ./freertos/freertos_kernel/tasks.o
 .bss.pxOverflowDelayedTaskList
                0x20002908        0x4 ./freertos/freertos_kernel/tasks.o
 .bss.xPendingReadyList
                0x2000290c       0x14 ./freertos/freertos_kernel/tasks.o
 .bss.xTasksWaitingTermination
                0x20002920       0x14 ./freertos/freertos_kernel/tasks.o
 .bss.uxDeletedTasksWaitingCleanUp
                0x20002934        0x4 ./freertos/freertos_kernel/tasks.o
 .bss.xSuspendedTaskList
                0x20002938       0x14 ./freertos/freertos_kernel/tasks.o
 .bss.uxCurrentNumberOfTasks
                0x2000294c        0x4 ./freertos/freertos_kernel/tasks.o
 .bss.xTickCount
                0x20002950        0x4 ./freertos/freertos_kernel/tasks.o
 .bss.uxTopReadyPriority
                0x20002954        0x4 ./freertos/freertos_kernel/tasks.o
 .bss.xSchedulerRunning
                0x20002958        0x4 ./freertos/freertos_kernel/tasks.o
 .bss.xPendedTicks
                0x2000295c        0x4 ./freertos/freertos_kernel/tasks.o
 .bss.xYieldPending
                0x20002960        0x4 ./freertos/freertos_kernel/tasks.o
 .bss.xNumOfOverflows
                0x20002964        0x4 ./freertos/freertos_kernel/tasks.o
 .bss.uxTaskNumber
                0x20002968        0x4 ./freertos/freertos_kernel/tasks.o
 .bss.xNextTaskUnblockTime
                0x2000296c        0x4 ./freertos/freertos_kernel/tasks.o
 .bss.xIdleTaskHandle
                0x20002970        0x4 ./freertos/freertos_kernel/tasks.o
 .bss.uxSchedulerSuspended
                0x20002974        0x4 ./freertos/freertos_kernel/tasks.o
 .bss.xActiveTimerList1
                0x20002978       0x14 ./freertos/freertos_kernel/timers.o
 .bss.xActiveTimerList2
                0x2000298c       0x14 ./freertos/freertos_kernel/timers.o
 .bss.pxCurrentTimerList
                0x200029a0        0x4 ./freertos/freertos_kernel/timers.o
 .bss.pxOverflowTimerList
                0x200029a4        0x4 ./freertos/freertos_kernel/timers.o
 .bss.xTimerQueue
                0x200029a8        0x4 ./freertos/freertos_kernel/timers.o
 .bss.xTimerTaskHandle
                0x200029ac        0x4 ./freertos/freertos_kernel/timers.o
 .bss.xLastTime.6002
                0x200029b0        0x4 ./freertos/freertos_kernel/timers.o
 .bss.g_xtal0Freq
                0x200029b4        0x4 ./drivers/fsl_clock.o
                0x200029b4                g_xtal0Freq
 .bss.g_xtal32Freq
                0x200029b8        0x4 ./drivers/fsl_clock.o
                0x200029b8                g_xtal32Freq
 .bss.s_uartHandle
                0x200029bc       0x18 ./drivers/fsl_uart.o
 .bss.s_uartIsr
                0x200029d4        0x4 ./drivers/fsl_uart.o
 .bss.errno     0x200029d8        0x4 c:/nxp/mcuxpressoide_11.2.0_4120/ide/plugins/com.nxp.mcuxpresso.tools.win32_11.2.0.202001021529/tools/bin/../lib/gcc/arm-none-eabi/9.2.1/../../../../arm-none-eabi/lib/thumb/v7e-m+fp/hard\libcr_c.a(errno.o)
                0x200029d8                errno
 .bss.__end_of_heap
                0x200029dc        0x4 c:/nxp/mcuxpressoide_11.2.0_4120/ide/plugins/com.nxp.mcuxpresso.tools.win32_11.2.0.202001021529/tools/bin/../lib/gcc/arm-none-eabi/9.2.1/../../../../arm-none-eabi/lib/thumb/v7e-m+fp/hard\libcr_c.a(__init_alloc.o)
                0x200029dc                __end_of_heap
 .bss.__heaps   0x200029e0        0x4 c:/nxp/mcuxpressoide_11.2.0_4120/ide/plugins/com.nxp.mcuxpresso.tools.win32_11.2.0.202001021529/tools/bin/../lib/gcc/arm-none-eabi/9.2.1/../../../../arm-none-eabi/lib/thumb/v7e-m+fp/hard\libcr_c.a(__init_alloc.o)
                0x200029e0                __heaps
 .bss.__Ciob    0x200029e4       0xb4 c:/nxp/mcuxpressoide_11.2.0_4120/ide/plugins/com.nxp.mcuxpresso.tools.win32_11.2.0.202001021529/tools/bin/../lib/gcc/arm-none-eabi/9.2.1/../../../../arm-none-eabi/lib/thumb/v7e-m+fp/hard\libcr_semihost_nf.a(__ciob.o)
                0x200029e4                __Ciob
 .bss.ucMaxSysCallPriority
                0x20002a98        0x1 ./freertos/freertos_kernel/portable/GCC/ARM_CM4F/port.o
 *(SORT_BY_ALIGNMENT(COMMON))
                0x20002aa0                . = ALIGN (0x8)
 *fill*         0x20002a99        0x7 
                0x20002aa0                _ebss = .
                [!provide]                PROVIDE (__end_bss_RAM = .)
                [!provide]                PROVIDE (__end_bss_SRAM_UPPER = .)
                [!provide]                PROVIDE (end = .)

.noinit_RAM2    0x1fff0000        0x0
                [!provide]                PROVIDE (__start_noinit_RAM2 = .)
                [!provide]                PROVIDE (__start_noinit_SRAM_LOWER = .)
 *(SORT_BY_ALIGNMENT(.noinit.$RAM2))
 *(SORT_BY_ALIGNMENT(.noinit.$SRAM_LOWER))
 *(SORT_BY_ALIGNMENT(.noinit.$RAM2.*))
 *(SORT_BY_ALIGNMENT(.noinit.$SRAM_LOWER.*))
                0x1fff0000                . = ALIGN (0x8)
                [!provide]                PROVIDE (__end_noinit_RAM2 = .)
                [!provide]                PROVIDE (__end_noinit_SRAM_LOWER = .)

.noinit_RAM3    0x14000000        0x0
                [!provide]                PROVIDE (__start_noinit_RAM3 = .)
                [!provide]                PROVIDE (__start_noinit_FLEX_RAM = .)
 *(SORT_BY_ALIGNMENT(.noinit.$RAM3))
 *(SORT_BY_ALIGNMENT(.noinit.$FLEX_RAM))
 *(SORT_BY_ALIGNMENT(.noinit.$RAM3.*))
 *(SORT_BY_ALIGNMENT(.noinit.$FLEX_RAM.*))
                0x14000000                . = ALIGN (0x8)
                [!provide]                PROVIDE (__end_noinit_RAM3 = .)
                [!provide]                PROVIDE (__end_noinit_FLEX_RAM = .)

.noinit         0x20002aa0        0x0
                0x20002aa0                _noinit = .
                [!provide]                PROVIDE (__start_noinit_RAM = .)
                [!provide]                PROVIDE (__start_noinit_SRAM_UPPER = .)
 *(SORT_BY_ALIGNMENT(.noinit*))
                0x20002aa0                . = ALIGN (0x8)
                0x20002aa0                _end_noinit = .
                [!provide]                PROVIDE (__end_noinit_RAM = .)
                [!provide]                PROVIDE (__end_noinit_SRAM_UPPER = .)
                0x00001000                _HeapSize = 0x1000

.heap           0x20002aa0     0x1000
                0x20002aa0                _pvHeapStart = .
                0x20003aa0                . = (. + _HeapSize)
 *fill*         0x20002aa0     0x1000 
                0x20003aa0                . = ALIGN (0x8)
                0x20003aa0                _pvHeapLimit = .
                0x00001000                _StackSize = 0x1000

.heap2stackfill
                0x20003aa0     0x1000
                0x20004aa0                . = (. + _StackSize)
 *fill*         0x20003aa0     0x1000 

.stack          0x2002f000        0x0
                0x2002f000                _vStackBase = .
                0x2002f000                . = ALIGN (0x8)
                0x20030000                _vStackTop = (. + _StackSize)
                0x00000000                _image_start = LOADADDR (.text)
                0x00006b30                _image_end = (LOADADDR (.data) + SIZEOF (.data))
                0x00006b30                _image_size = (_image_end - _image_start)
OUTPUT(frdmk64f_freertos_hello.axf elf32-littlearm)

.debug_info     0x00000000     0xd2da
 .debug_info    0x00000000      0x259 ./utilities/fsl_assert.o
 .debug_info    0x00000259      0x92e ./startup/startup_mk64f12.o
 .debug_info    0x00000b87      0x7cf ./source/aes.o
 .debug_info    0x00001356      0x389 ./source/chacha.o
 .debug_info    0x000016df      0xa2a ./source/freertos_hello.o
 .debug_info    0x00002109       0x3c ./source/semihost_hardfault.o
 .debug_info    0x00002145      0x505 ./freertos/freertos_kernel/portable/MemMang/heap_4.o
 .debug_info    0x0000264a      0x511 ./freertos/freertos_kernel/portable/GCC/ARM_CM4F/port.o
 .debug_info    0x00002b5b      0x302 ./freertos/freertos_kernel/list.o
 .debug_info    0x00002e5d     0x16db ./freertos/freertos_kernel/queue.o
 .debug_info    0x00004538     0x20b7 ./freertos/freertos_kernel/tasks.o
 .debug_info    0x000065ef      0xeb6 ./freertos/freertos_kernel/timers.o
 .debug_info    0x000074a5     0x21ca ./drivers/fsl_clock.o
 .debug_info    0x0000966f     0x1cbb ./drivers/fsl_uart.o
 .debug_info    0x0000b32a      0x69f ./device/system_MK64F12.o
 .debug_info    0x0000b9c9      0x672 ./board/board.o
 .debug_info    0x0000c03b      0xbff ./board/clock_config.o
 .debug_info    0x0000cc3a      0x6a0 ./board/pin_mux.o

.debug_abbrev   0x00000000     0x2399
 .debug_abbrev  0x00000000       0xe9 ./utilities/fsl_assert.o
 .debug_abbrev  0x000000e9      0x17a ./startup/startup_mk64f12.o
 .debug_abbrev  0x00000263      0x1fd ./source/aes.o
 .debug_abbrev  0x00000460      0x137 ./source/chacha.o
 .debug_abbrev  0x00000597      0x1f1 ./source/freertos_hello.o
 .debug_abbrev  0x00000788       0x31 ./source/semihost_hardfault.o
 .debug_abbrev  0x000007b9      0x209 ./freertos/freertos_kernel/portable/MemMang/heap_4.o
 .debug_abbrev  0x000009c2      0x259 ./freertos/freertos_kernel/portable/GCC/ARM_CM4F/port.o
 .debug_abbrev  0x00000c1b      0x12d ./freertos/freertos_kernel/list.o
 .debug_abbrev  0x00000d48      0x2d9 ./freertos/freertos_kernel/queue.o
 .debug_abbrev  0x00001021      0x32b ./freertos/freertos_kernel/tasks.o
 .debug_abbrev  0x0000134c      0x286 ./freertos/freertos_kernel/timers.o
 .debug_abbrev  0x000015d2      0x371 ./drivers/fsl_clock.o
 .debug_abbrev  0x00001943      0x358 ./drivers/fsl_uart.o
 .debug_abbrev  0x00001c9b      0x170 ./device/system_MK64F12.o
 .debug_abbrev  0x00001e0b      0x1a0 ./board/board.o
 .debug_abbrev  0x00001fab      0x233 ./board/clock_config.o
 .debug_abbrev  0x000021de      0x1bb ./board/pin_mux.o

.debug_aranges  0x00000000      0xe40
 .debug_aranges
                0x00000000       0x20 ./utilities/fsl_assert.o
 .debug_aranges
                0x00000020      0x330 ./startup/startup_mk64f12.o
 .debug_aranges
                0x00000350       0xb8 ./source/aes.o
 .debug_aranges
                0x00000408       0x58 ./source/chacha.o
 .debug_aranges
                0x00000460       0x28 ./source/freertos_hello.o
 .debug_aranges
                0x00000488       0x20 ./source/semihost_hardfault.o
 .debug_aranges
                0x000004a8       0x58 ./freertos/freertos_kernel/portable/MemMang/heap_4.o
 .debug_aranges
                0x00000500       0x80 ./freertos/freertos_kernel/portable/GCC/ARM_CM4F/port.o
 .debug_aranges
                0x00000580       0x40 ./freertos/freertos_kernel/list.o
 .debug_aranges
                0x000005c0      0x130 ./freertos/freertos_kernel/queue.o
 .debug_aranges
                0x000006f0      0x208 ./freertos/freertos_kernel/tasks.o
 .debug_aranges
                0x000008f8       0xe8 ./freertos/freertos_kernel/timers.o
 .debug_aranges
                0x000009e0      0x1f8 ./drivers/fsl_clock.o
 .debug_aranges
                0x00000bd8      0x180 ./drivers/fsl_uart.o
 .debug_aranges
                0x00000d58       0x30 ./device/system_MK64F12.o
 .debug_aranges
                0x00000d88       0x28 ./board/board.o
 .debug_aranges
                0x00000db0       0x58 ./board/clock_config.o
 .debug_aranges
                0x00000e08       0x38 ./board/pin_mux.o

.debug_ranges   0x00000000      0xd20
 .debug_ranges  0x00000000       0x10 ./utilities/fsl_assert.o
 .debug_ranges  0x00000010      0x320 ./startup/startup_mk64f12.o
 .debug_ranges  0x00000330       0xa8 ./source/aes.o
 .debug_ranges  0x000003d8       0x48 ./source/chacha.o
 .debug_ranges  0x00000420       0x18 ./source/freertos_hello.o
 .debug_ranges  0x00000438       0x10 ./source/semihost_hardfault.o
 .debug_ranges  0x00000448       0x48 ./freertos/freertos_kernel/portable/MemMang/heap_4.o
 .debug_ranges  0x00000490       0x70 ./freertos/freertos_kernel/portable/GCC/ARM_CM4F/port.o
 .debug_ranges  0x00000500       0x30 ./freertos/freertos_kernel/list.o
 .debug_ranges  0x00000530      0x120 ./freertos/freertos_kernel/queue.o
 .debug_ranges  0x00000650      0x1f8 ./freertos/freertos_kernel/tasks.o
 .debug_ranges  0x00000848       0xd8 ./freertos/freertos_kernel/timers.o
 .debug_ranges  0x00000920      0x1e8 ./drivers/fsl_clock.o
 .debug_ranges  0x00000b08      0x170 ./drivers/fsl_uart.o
 .debug_ranges  0x00000c78       0x20 ./device/system_MK64F12.o
 .debug_ranges  0x00000c98       0x18 ./board/board.o
 .debug_ranges  0x00000cb0       0x48 ./board/clock_config.o
 .debug_ranges  0x00000cf8       0x28 ./board/pin_mux.o

.debug_macro    0x00000000    0x1410d
 .debug_macro   0x00000000      0x1a2 ./utilities/fsl_assert.o
 .debug_macro   0x000001a2      0xaea ./utilities/fsl_assert.o
 .debug_macro   0x00000c8c       0x10 ./utilities/fsl_assert.o
 .debug_macro   0x00000c9c       0x1c ./utilities/fsl_assert.o
 .debug_macro   0x00000cb8       0x22 ./utilities/fsl_assert.o
 .debug_macro   0x00000cda      0x12e ./utilities/fsl_assert.o
 .debug_macro   0x00000e08      0x5b3 ./utilities/fsl_assert.o
 .debug_macro   0x000013bb       0x22 ./utilities/fsl_assert.o
 .debug_macro   0x000013dd       0x10 ./utilities/fsl_assert.o
 .debug_macro   0x000013ed       0x57 ./utilities/fsl_assert.o
 .debug_macro   0x00001444       0x1c ./utilities/fsl_assert.o
 .debug_macro   0x00001460       0x22 ./utilities/fsl_assert.o
 .debug_macro   0x00001482      0x101 ./utilities/fsl_assert.o
 .debug_macro   0x00001583      0xeeb ./utilities/fsl_assert.o
 .debug_macro   0x0000246e       0x40 ./utilities/fsl_assert.o
 .debug_macro   0x000024ae     0xe977 ./utilities/fsl_assert.o
 .debug_macro   0x00010e25     0x1294 ./utilities/fsl_assert.o
 .debug_macro   0x000120b9       0xd7 ./utilities/fsl_assert.o
 .debug_macro   0x00012190      0x174 ./utilities/fsl_assert.o
 .debug_macro   0x00012304       0x2e ./utilities/fsl_assert.o
 .debug_macro   0x00012332      0x198 ./utilities/fsl_assert.o
 .debug_macro   0x000124ca      0x15a ./utilities/fsl_assert.o
 .debug_macro   0x00012624       0xe4 ./utilities/fsl_assert.o
 .debug_macro   0x00012708       0x1c ./utilities/fsl_assert.o
 .debug_macro   0x00012724       0x26 ./utilities/fsl_assert.o
 .debug_macro   0x0001274a      0x3a0 ./utilities/fsl_assert.o
 .debug_macro   0x00012aea       0x28 ./utilities/fsl_assert.o
 .debug_macro   0x00012b12       0x47 ./utilities/fsl_assert.o
 .debug_macro   0x00012b59       0x16 ./utilities/fsl_assert.o
 .debug_macro   0x00012b6f       0xd2 ./utilities/fsl_assert.o
 .debug_macro   0x00012c41       0x1c ./utilities/fsl_assert.o
 .debug_macro   0x00012c5d       0x29 ./startup/startup_mk64f12.o
 .debug_macro   0x00012c86       0x8c ./source/aes.o
 .debug_macro   0x00012d12       0x2e ./source/aes.o
 .debug_macro   0x00012d40       0x5a ./source/chacha.o
 .debug_macro   0x00012d9a      0x24f ./source/freertos_hello.o
 .debug_macro   0x00012fe9       0x16 ./source/freertos_hello.o
 .debug_macro   0x00012fff       0x97 ./source/freertos_hello.o
 .debug_macro   0x00013096       0x1c ./source/freertos_hello.o
 .debug_macro   0x000130b2       0x1c ./source/freertos_hello.o
 .debug_macro   0x000130ce       0x10 ./source/freertos_hello.o
 .debug_macro   0x000130de       0x34 ./source/freertos_hello.o
 .debug_macro   0x00013112       0x4c ./source/freertos_hello.o
 .debug_macro   0x0001315e      0x132 ./source/freertos_hello.o
 .debug_macro   0x00013290       0x11 ./source/semihost_hardfault.o
 .debug_macro   0x000132a1       0xdf ./freertos/freertos_kernel/portable/MemMang/heap_4.o
 .debug_macro   0x00013380      0x179 ./freertos/freertos_kernel/portable/GCC/ARM_CM4F/port.o
 .debug_macro   0x000134f9       0xb8 ./freertos/freertos_kernel/list.o
 .debug_macro   0x000135b1      0x125 ./freertos/freertos_kernel/queue.o
 .debug_macro   0x000136d6      0x192 ./freertos/freertos_kernel/tasks.o
 .debug_macro   0x00013868       0x10 ./freertos/freertos_kernel/tasks.o
 .debug_macro   0x00013878       0x16 ./freertos/freertos_kernel/tasks.o
 .debug_macro   0x0001388e      0x10d ./freertos/freertos_kernel/timers.o
 .debug_macro   0x0001399b      0x1ba ./drivers/fsl_clock.o
 .debug_macro   0x00013b55      0x109 ./drivers/fsl_uart.o
 .debug_macro   0x00013c5e       0x10 ./drivers/fsl_uart.o
 .debug_macro   0x00013c6e       0x98 ./device/system_MK64F12.o
 .debug_macro   0x00013d06      0x1d2 ./board/board.o
 .debug_macro   0x00013ed8      0x135 ./board/clock_config.o
 .debug_macro   0x0001400d      0x100 ./board/pin_mux.o

.debug_line     0x00000000     0xac73
 .debug_line    0x00000000      0x683 ./utilities/fsl_assert.o
 .debug_line    0x00000683      0x90e ./startup/startup_mk64f12.o
 .debug_line    0x00000f91      0xa5d ./source/aes.o
 .debug_line    0x000019ee      0x46a ./source/chacha.o
 .debug_line    0x00001e58      0x979 ./source/freertos_hello.o
 .debug_line    0x000027d1       0x59 ./source/semihost_hardfault.o
 .debug_line    0x0000282a      0x6a7 ./freertos/freertos_kernel/portable/MemMang/heap_4.o
 .debug_line    0x00002ed1      0x6a8 ./freertos/freertos_kernel/portable/GCC/ARM_CM4F/port.o
 .debug_line    0x00003579      0x47d ./freertos/freertos_kernel/list.o
 .debug_line    0x000039f6     0x1269 ./freertos/freertos_kernel/queue.o
 .debug_line    0x00004c5f     0x19d5 ./freertos/freertos_kernel/tasks.o
 .debug_line    0x00006634      0xa69 ./freertos/freertos_kernel/timers.o
 .debug_line    0x0000709d     0x14da ./drivers/fsl_clock.o
 .debug_line    0x00008577     0x1354 ./drivers/fsl_uart.o
 .debug_line    0x000098cb      0x3fa ./device/system_MK64F12.o
 .debug_line    0x00009cc5      0x72b ./board/board.o
 .debug_line    0x0000a3f0      0x47f ./board/clock_config.o
 .debug_line    0x0000a86f      0x404 ./board/pin_mux.o

.debug_str      0x00000000    0x8779b
 .debug_str     0x00000000    0x7c94b ./utilities/fsl_assert.o
                              0x7c9fe (size before relaxing)
 .debug_str     0x0007c94b      0x7c9 ./startup/startup_mk64f12.o
                               0x379a (size before relaxing)
 .debug_str     0x0007d114      0x2b4 ./source/aes.o
                               0x4923 (size before relaxing)
 .debug_str     0x0007d3c8       0xba ./source/chacha.o
                               0x46e9 (size before relaxing)
 .debug_str     0x0007d482     0x3d3a ./source/freertos_hello.o
                              0x807a8 (size before relaxing)
 .debug_str     0x000811bc       0x1f ./source/semihost_hardfault.o
                               0x2f2b (size before relaxing)
 .debug_str     0x000811db      0x3b3 ./freertos/freertos_kernel/portable/MemMang/heap_4.o
                               0x8650 (size before relaxing)
 .debug_str     0x0008158e      0x847 ./freertos/freertos_kernel/portable/GCC/ARM_CM4F/port.o
                               0x8ae2 (size before relaxing)
 .debug_str     0x00081dd5      0x135 ./freertos/freertos_kernel/list.o
                               0x7d62 (size before relaxing)
 .debug_str     0x00081f0a      0x8ba ./freertos/freertos_kernel/queue.o
                               0x9410 (size before relaxing)
 .debug_str     0x000827c4     0x14d9 ./freertos/freertos_kernel/tasks.o
                               0xa1f2 (size before relaxing)
 .debug_str     0x00083c9d      0x608 ./freertos/freertos_kernel/timers.o
                               0x9938 (size before relaxing)
 .debug_str     0x000842a5     0x1b48 ./drivers/fsl_clock.o
                              0x7b99c (size before relaxing)
 .debug_str     0x00085ded     0x1356 ./drivers/fsl_uart.o
                              0x7b210 (size before relaxing)
 .debug_str     0x00087143      0x117 ./device/system_MK64F12.o
                              0x783dc (size before relaxing)
 .debug_str     0x0008725a       0xc4 ./board/board.o
                              0x7db7f (size before relaxing)
 .debug_str     0x0008731e      0x306 ./board/clock_config.o
                              0x7a315 (size before relaxing)
 .debug_str     0x00087624      0x177 ./board/pin_mux.o
                              0x797e6 (size before relaxing)

.comment        0x00000000       0x79
 .comment       0x00000000       0x79 ./utilities/fsl_assert.o
                                 0x7a (size before relaxing)
 .comment       0x00000079       0x7a ./startup/startup_mk64f12.o
 .comment       0x00000079       0x7a ./source/aes.o
 .comment       0x00000079       0x7a ./source/chacha.o
 .comment       0x00000079       0x7a ./source/freertos_hello.o
 .comment       0x00000079       0x7a ./source/semihost_hardfault.o
 .comment       0x00000079       0x7a ./freertos/freertos_kernel/portable/MemMang/heap_4.o
 .comment       0x00000079       0x7a ./freertos/freertos_kernel/portable/GCC/ARM_CM4F/port.o
 .comment       0x00000079       0x7a ./freertos/freertos_kernel/list.o
 .comment       0x00000079       0x7a ./freertos/freertos_kernel/queue.o
 .comment       0x00000079       0x7a ./freertos/freertos_kernel/tasks.o
 .comment       0x00000079       0x7a ./freertos/freertos_kernel/timers.o
 .comment       0x00000079       0x7a ./drivers/fsl_clock.o
 .comment       0x00000079       0x7a ./drivers/fsl_uart.o
 .comment       0x00000079       0x7a ./device/system_MK64F12.o
 .comment       0x00000079       0x7a ./board/board.o
 .comment       0x00000079       0x7a ./board/clock_config.o
 .comment       0x00000079       0x7a ./board/pin_mux.o
 .comment       0x00000079       0x7a c:/nxp/mcuxpressoide_11.2.0_4120/ide/plugins/com.nxp.mcuxpresso.tools.win32_11.2.0.202001021529/tools/bin/../lib/gcc/arm-none-eabi/9.2.1/../../../../arm-none-eabi/lib/thumb/v7e-m+fp/hard\libcr_semihost_nf.a(_cr__main.o)
 .comment       0x00000079       0x7a c:/nxp/mcuxpressoide_11.2.0_4120/ide/plugins/com.nxp.mcuxpresso.tools.win32_11.2.0.202001021529/tools/bin/../lib/gcc/arm-none-eabi/9.2.1/../../../../arm-none-eabi/lib/thumb/v7e-m+fp/hard\libcr_c.a(memcpy.o)
 .comment       0x00000079       0x7a c:/nxp/mcuxpressoide_11.2.0_4120/ide/plugins/com.nxp.mcuxpresso.tools.win32_11.2.0.202001021529/tools/bin/../lib/gcc/arm-none-eabi/9.2.1/../../../../arm-none-eabi/lib/thumb/v7e-m+fp/hard\libcr_c.a(memset.o)
 .comment       0x00000079       0x7a c:/nxp/mcuxpressoide_11.2.0_4120/ide/plugins/com.nxp.mcuxpresso.tools.win32_11.2.0.202001021529/tools/bin/../lib/gcc/arm-none-eabi/9.2.1/../../../../arm-none-eabi/lib/thumb/v7e-m+fp/hard\libcr_c.a(alloc.o)
 .comment       0x00000079       0x7a c:/nxp/mcuxpressoide_11.2.0_4120/ide/plugins/com.nxp.mcuxpresso.tools.win32_11.2.0.202001021529/tools/bin/../lib/gcc/arm-none-eabi/9.2.1/../../../../arm-none-eabi/lib/thumb/v7e-m+fp/hard\libcr_c.a(errno.o)
 .comment       0x00000079       0x7a c:/nxp/mcuxpressoide_11.2.0_4120/ide/plugins/com.nxp.mcuxpresso.tools.win32_11.2.0.202001021529/tools/bin/../lib/gcc/arm-none-eabi/9.2.1/../../../../arm-none-eabi/lib/thumb/v7e-m+fp/hard\libcr_c.a(initio.o)
 .comment       0x00000079       0x7a c:/nxp/mcuxpressoide_11.2.0_4120/ide/plugins/com.nxp.mcuxpresso.tools.win32_11.2.0.202001021529/tools/bin/../lib/gcc/arm-none-eabi/9.2.1/../../../../arm-none-eabi/lib/thumb/v7e-m+fp/hard\libcr_c.a(printf.o)
 .comment       0x00000079       0x7a c:/nxp/mcuxpressoide_11.2.0_4120/ide/plugins/com.nxp.mcuxpresso.tools.win32_11.2.0.202001021529/tools/bin/../lib/gcc/arm-none-eabi/9.2.1/../../../../arm-none-eabi/lib/thumb/v7e-m+fp/hard\libcr_c.a(setvbuf.o)
 .comment       0x00000079       0x7a c:/nxp/mcuxpressoide_11.2.0_4120/ide/plugins/com.nxp.mcuxpresso.tools.win32_11.2.0.202001021529/tools/bin/../lib/gcc/arm-none-eabi/9.2.1/../../../../arm-none-eabi/lib/thumb/v7e-m+fp/hard\libcr_c.a(strlen.o)
 .comment       0x00000079       0x7a c:/nxp/mcuxpressoide_11.2.0_4120/ide/plugins/com.nxp.mcuxpresso.tools.win32_11.2.0.202001021529/tools/bin/../lib/gcc/arm-none-eabi/9.2.1/../../../../arm-none-eabi/lib/thumb/v7e-m+fp/hard\libcr_c.a(__init_alloc.o)
 .comment       0x00000079       0x7a c:/nxp/mcuxpressoide_11.2.0_4120/ide/plugins/com.nxp.mcuxpresso.tools.win32_11.2.0.202001021529/tools/bin/../lib/gcc/arm-none-eabi/9.2.1/../../../../arm-none-eabi/lib/thumb/v7e-m+fp/hard\libcr_c.a(_cr_sbrk.o)
 .comment       0x00000079       0x7a c:/nxp/mcuxpressoide_11.2.0_4120/ide/plugins/com.nxp.mcuxpresso.tools.win32_11.2.0.202001021529/tools/bin/../lib/gcc/arm-none-eabi/9.2.1/../../../../arm-none-eabi/lib/thumb/v7e-m+fp/hard\libcr_c.a(_deferredlazyseek.o)
 .comment       0x00000079       0x7a c:/nxp/mcuxpressoide_11.2.0_4120/ide/plugins/com.nxp.mcuxpresso.tools.win32_11.2.0.202001021529/tools/bin/../lib/gcc/arm-none-eabi/9.2.1/../../../../arm-none-eabi/lib/thumb/v7e-m+fp/hard\libcr_c.a(_fdopen.o)
 .comment       0x00000079       0x7a c:/nxp/mcuxpressoide_11.2.0_4120/ide/plugins/com.nxp.mcuxpresso.tools.win32_11.2.0.202001021529/tools/bin/../lib/gcc/arm-none-eabi/9.2.1/../../../../arm-none-eabi/lib/thumb/v7e-m+fp/hard\libcr_c.a(_fflush.o)
 .comment       0x00000079       0x7a c:/nxp/mcuxpressoide_11.2.0_4120/ide/plugins/com.nxp.mcuxpresso.tools.win32_11.2.0.202001021529/tools/bin/../lib/gcc/arm-none-eabi/9.2.1/../../../../arm-none-eabi/lib/thumb/v7e-m+fp/hard\libcr_c.a(_writebuf.o)
 .comment       0x00000079       0x7a c:/nxp/mcuxpressoide_11.2.0_4120/ide/plugins/com.nxp.mcuxpresso.tools.win32_11.2.0.202001021529/tools/bin/../lib/gcc/arm-none-eabi/9.2.1/../../../../arm-none-eabi/lib/thumb/v7e-m+fp/hard\libcr_c.a(fclose.o)
 .comment       0x00000079       0x7a c:/nxp/mcuxpressoide_11.2.0_4120/ide/plugins/com.nxp.mcuxpresso.tools.win32_11.2.0.202001021529/tools/bin/../lib/gcc/arm-none-eabi/9.2.1/../../../../arm-none-eabi/lib/thumb/v7e-m+fp/hard\libcr_c.a(fflush.o)
 .comment       0x00000079       0x7a c:/nxp/mcuxpressoide_11.2.0_4120/ide/plugins/com.nxp.mcuxpresso.tools.win32_11.2.0.202001021529/tools/bin/../lib/gcc/arm-none-eabi/9.2.1/../../../../arm-none-eabi/lib/thumb/v7e-m+fp/hard\libcr_c.a(fseek.o)
 .comment       0x00000079       0x7a c:/nxp/mcuxpressoide_11.2.0_4120/ide/plugins/com.nxp.mcuxpresso.tools.win32_11.2.0.202001021529/tools/bin/../lib/gcc/arm-none-eabi/9.2.1/../../../../arm-none-eabi/lib/thumb/v7e-m+fp/hard\libcr_c.a(ftell.o)
 .comment       0x00000079       0x7a c:/nxp/mcuxpressoide_11.2.0_4120/ide/plugins/com.nxp.mcuxpresso.tools.win32_11.2.0.202001021529/tools/bin/../lib/gcc/arm-none-eabi/9.2.1/../../../../arm-none-eabi/lib/thumb/v7e-m+fp/hard\libcr_c.a(remove.o)
 .comment       0x00000079       0x7a c:/nxp/mcuxpressoide_11.2.0_4120/ide/plugins/com.nxp.mcuxpresso.tools.win32_11.2.0.202001021529/tools/bin/../lib/gcc/arm-none-eabi/9.2.1/../../../../arm-none-eabi/lib/thumb/v7e-m+fp/hard\libcr_c.a(_cr_check_heap.o)
 .comment       0x00000079       0x7a c:/nxp/mcuxpressoide_11.2.0_4120/ide/plugins/com.nxp.mcuxpresso.tools.win32_11.2.0.202001021529/tools/bin/../lib/gcc/arm-none-eabi/9.2.1/../../../../arm-none-eabi/lib/thumb/v7e-m+fp/hard\libcr_c.a(_do_fflush.o)
 .comment       0x00000079       0x7a c:/nxp/mcuxpressoide_11.2.0_4120/ide/plugins/com.nxp.mcuxpresso.tools.win32_11.2.0.202001021529/tools/bin/../lib/gcc/arm-none-eabi/9.2.1/../../../../arm-none-eabi/lib/thumb/v7e-m+fp/hard\libcr_semihost_nf.a(__ciob.o)

.ARM.attributes
                0x00000000       0x32
 .ARM.attributes
                0x00000000       0x34 ./utilities/fsl_assert.o
 .ARM.attributes
                0x00000034       0x34 ./startup/startup_mk64f12.o
 .ARM.attributes
                0x00000068       0x34 ./source/aes.o
 .ARM.attributes
                0x0000009c       0x34 ./source/chacha.o
 .ARM.attributes
                0x000000d0       0x34 ./source/freertos_hello.o
 .ARM.attributes
                0x00000104       0x34 ./source/semihost_hardfault.o
 .ARM.attributes
                0x00000138       0x34 ./freertos/freertos_kernel/portable/MemMang/heap_4.o
 .ARM.attributes
                0x0000016c       0x34 ./freertos/freertos_kernel/portable/GCC/ARM_CM4F/port.o
 .ARM.attributes
                0x000001a0       0x34 ./freertos/freertos_kernel/list.o
 .ARM.attributes
                0x000001d4       0x34 ./freertos/freertos_kernel/queue.o
 .ARM.attributes
                0x00000208       0x34 ./freertos/freertos_kernel/tasks.o
 .ARM.attributes
                0x0000023c       0x34 ./freertos/freertos_kernel/timers.o
 .ARM.attributes
                0x00000270       0x34 ./drivers/fsl_clock.o
 .ARM.attributes
                0x000002a4       0x34 ./drivers/fsl_uart.o
 .ARM.attributes
                0x000002d8       0x34 ./device/system_MK64F12.o
 .ARM.attributes
                0x0000030c       0x34 ./board/board.o
 .ARM.attributes
                0x00000340       0x34 ./board/clock_config.o
 .ARM.attributes
                0x00000374       0x34 ./board/pin_mux.o
 .ARM.attributes
                0x000003a8       0x34 c:/nxp/mcuxpressoide_11.2.0_4120/ide/plugins/com.nxp.mcuxpresso.tools.win32_11.2.0.202001021529/tools/bin/../lib/gcc/arm-none-eabi/9.2.1/../../../../arm-none-eabi/lib/thumb/v7e-m+fp/hard\libcr_semihost_nf.a(_cr__main.o)
 .ARM.attributes
                0x000003dc       0x34 c:/nxp/mcuxpressoide_11.2.0_4120/ide/plugins/com.nxp.mcuxpresso.tools.win32_11.2.0.202001021529/tools/bin/../lib/gcc/arm-none-eabi/9.2.1/../../../../arm-none-eabi/lib/thumb/v7e-m+fp/hard\libcr_c.a(memcpy.o)
 .ARM.attributes
                0x00000410       0x34 c:/nxp/mcuxpressoide_11.2.0_4120/ide/plugins/com.nxp.mcuxpresso.tools.win32_11.2.0.202001021529/tools/bin/../lib/gcc/arm-none-eabi/9.2.1/../../../../arm-none-eabi/lib/thumb/v7e-m+fp/hard\libcr_c.a(memset.o)
 .ARM.attributes
                0x00000444       0x34 c:/nxp/mcuxpressoide_11.2.0_4120/ide/plugins/com.nxp.mcuxpresso.tools.win32_11.2.0.202001021529/tools/bin/../lib/gcc/arm-none-eabi/9.2.1/../../../../arm-none-eabi/lib/thumb/v7e-m+fp/hard\libcr_c.a(alloc.o)
 .ARM.attributes