common.h:56:1:load64_le	24	static
common.h:77:1:store64_le	24	static
common.h:102:1:load32_le	24	static
common.h:273:1:mem_cpy	40	static
common.h:285:1:mem_zero	24	static
common.h:296:1:mem_xor	40	static
common.h:308:1:mem_xor2	40	static
hydrogen_p.h:22:1:gimli_pad_u8	24	static
hydrogen_p.h:29:1:hydro_mem_ct_zero_u32	24	static
hydrogen_p.h:43:1:hydro_mem_ct_cmp_u32	40	static
core.h:2:1:hydro_init	8	static
core.h:11:1:hydro_memzero	24	static
core.h:26:1:hydro_increment	24	static
core.h:39:1:hydro_bin2hex	40	static
core.h:65:1:hydro_hex2bin	48	static
core.h:126:1:hydro_equal	40	static
core.h:143:1:hydro_compare	40	static
core.h:161:1:hydro_pad	48	static
core.h:197:1:hydro_unpad	48	static
portable.h:2:1:gimli_core	40	static
gimli-core.h:8:1:gimli_core_u8	16	static
random.h:31:1:hydro_random_check_initialized	8	static
random.h:44:1:hydro_random_ratchet	16	static
random.h:54:1:hydro_random_u32	16	static
random.h:69:1:hydro_random_uniform	24	static
random.h:88:1:hydro_random_buf	32	static
random.h:108:1:hydro_random_buf_deterministic	104	static
random.h:139:1:hydro_random_reseed	8	static
hash.h:2:1:hydro_hash_update	48	static
hash.h:33:1:hydro_hash_init	96	static
hash.h:61:1:hydro_hash_init_with_tweak	112	static
hash.h:89:1:hydro_hash_final	48	static
hash.h:123:1:hydro_hash_hash	80	static
hash.h:137:1:hydro_hash_keygen	16	static
kdf.h:2:1:hydro_kdf_derive_from_key	88	static
kdf.h:17:1:hydro_kdf_keygen	16	static
secretbox.h:6:1:hydro_secretbox_keygen	16	static
secretbox.h:12:1:hydro_secretbox_xor_enc	32	static
secretbox.h:33:1:hydro_secretbox_xor_dec	32	static
secretbox.h:54:1:hydro_secretbox_setup	32	static
secretbox.h:88:1:hydro_secretbox_final	24	static
secretbox.h:98:1:hydro_secretbox_encrypt_iv	128	static
secretbox.h:150:1:hydro_secretbox_probe_create	40	static
secretbox.h:166:1:hydro_secretbox_probe_verify	56	static
secretbox.h:187:1:hydro_secretbox_encrypt	72	static
secretbox.h:199:1:hydro_secretbox_decrypt	152	static
x25519.h:52:1:hydro_x25519_umaal	48	static
x25519.h:62:1:hydro_x25519_adc	48	static
x25519.h:71:1:hydro_x25519_adc0	32	static
x25519.h:80:1:hydro_x25519_propagate	32	static
x25519.h:94:1:hydro_x25519_add	40	static
x25519.h:106:1:hydro_x25519_sub	56	static
x25519.h:119:1:hydro_x25519_swapin	32	static
x25519.h:130:1:hydro_x25519_swapout	32	static
x25519.h:141:1:hydro_x25519_mul	120	static
x25519.h:165:1:hydro_x25519_sqr	16	static
x25519.h:171:1:hydro_x25519_mul1	16	static
x25519.h:177:1:hydro_x25519_sqr1	16	static
x25519.h:183:1:hydro_x25519_condswap	32	static
x25519.h:196:1:hydro_x25519_canon	64	static
x25519.h:217:1:hydro_x25519_ladder_part1	40	static
x25519.h:238:1:hydro_x25519_ladder_part2	40	static
x25519.h:251:1:hydro_x25519_core	120	static
x25519.h:289:1:hydro_x25519_scalarmult	208	static
x25519.h:329:1:hydro_x25519_scalarmult_base	16	static
x25519.h:336:1:hydro_x25519_scalarmult_base_uniform	16	static
x25519.h:345:1:hydro_x25519_sc_montmul	104	static
kx.h:7:1:hydro_kx_aead_init	24	static
kx.h:26:1:hydro_kx_aead_final	16	static
kx.h:36:1:hydro_kx_aead_xor_enc	32	static
kx.h:57:1:hydro_kx_aead_xor_dec	32	static
kx.h:78:1:hydro_kx_aead_encrypt	128	static
kx.h:97:1:hydro_kx_aead_decrypt	160	static
kx.h:133:1:hydro_kx_keygen	16	static
kx.h:142:1:hydro_kx_keygen_deterministic	16	static
kx.h:152:1:hydro_kx_init_state	24	static
kx.h:161:1:hydro_kx_final	64	static
kx.h:172:1:hydro_kx_dh	56	static
kx.h:186:1:hydro_kx_eph_keygen	16	static
kx.h:195:1:hydro_kx_n_1	152	static
kx.h:223:1:hydro_kx_n_2	152	static
kx.h:250:1:hydro_kx_kk_1	32	static
kx.h:273:1:hydro_kx_kk_2	160	static
kx.h:308:1:hydro_kx_kk_3	32	static
kx.h:331:1:hydro_kx_xx_1	32	static
kx.h:351:1:hydro_kx_xx_2	48	static
kx.h:389:1:hydro_kx_xx_3	80	static
kx.h:430:1:hydro_kx_xx_4	64	static
kx.h:461:1:hydro_kx_nk_1	32	static
kx.h:486:1:hydro_kx_nk_2	160	static
kx.h:521:1:hydro_kx_nk_3	32	static
pwhash.h:16:1:_hydro_pwhash_hash	168	static
pwhash.h:67:1:hydro_pwhash_keygen	16	static
pwhash.h:73:1:hydro_pwhash_deterministic	88	static
pwhash.h:95:1:hydro_pwhash_create	88	static
pwhash.h:132:1:_hydro_pwhash_verify	168	static
pwhash.h:175:1:hydro_pwhash_verify	88	static
pwhash.h:190:1:hydro_pwhash_derive_static_key	80	static
pwhash.h:212:1:hydro_pwhash_reencrypt	56	static
pwhash.h:234:1:hydro_pwhash_upgrade	168	static
sign.h:6:1:hydro_sign_p2	120	static
sign.h:22:1:hydro_sign_challenge	80	static
sign.h:37:1:hydro_sign_prehash	128	static
sign.h:65:1:hydro_sign_verify_core	80	static
sign.h:96:1:hydro_sign_verify_p2	248	static
sign.h:110:1:hydro_sign_verify_challenge	32	static
sign.h:121:1:hydro_sign_keygen	24	static
sign.h:134:1:hydro_sign_keygen_deterministic	24	static
sign.h:145:1:hydro_sign_init	16	static
sign.h:151:1:hydro_sign_update	24	static
sign.h:157:1:hydro_sign_final_create	88	static
sign.h:168:1:hydro_sign_final_verify	128	static
sign.h:182:1:hydro_sign_create	80	static
sign.h:196:1:hydro_sign_verify	80	static
